 PrintingArchiving_ur

 Timestamp is 5a795244 (Tue Feb 06 14:59:16 2018)

 Preferred load address is 00400000

 Start         Length     Name                   Class
 0001:00000000 000b7e5bH .text                   CODE
 0001:000b7e60 0000cacdH .text$x                 CODE
 0001:000c492d 0006a303H .textbss                CODE
 0002:00000000 0000d7daH .rdata                  DATA
 0002:0000d7e0 000027fcH .rdata$r                DATA
 0002:0000ffe0 00010772H .xdata$x                DATA
 0002:00020752 00000000H .edata                  DATA
 0003:00000000 00000104H .CRT$XCA                DATA
 0003:00000104 000001b1H .CRT$XCU                DATA
 0003:000002b8 00000104H .CRT$XCZ                DATA
 0003:000003bc 00000104H .CRT$XIA                DATA
 0003:000004c0 00000104H .CRT$XIZ                DATA
 0003:000005d0 00004769H .data                   DATA
 0003:00004d40 00000468H .bss                    DATA
 0004:00000000 000000c8H .idata$2                DATA
 0004:000000c8 00000014H .idata$3                DATA
 0004:000000dc 00000700H .idata$4                DATA
 0004:000007dc 00000700H .idata$5                DATA
 0004:00000edc 00001af1H .idata$6                DATA
 0005:00000000 00000298H .rsrc$01                DATA
 0005:000002a0 00000ee0H .rsrc$02                DATA

  Address         Publics by Value              Rva+Base     Lib:Object

 0001:00005950       ?GetRecordCount@CADODatabase@@QAEKV?$_com_ptr_t@V?$_com_IIID@U_Recordset@ADOCG@@$1?_GUID_00000556_0000_0010_8000_00aa006d2ea4@@3U__s_GUID@@A@@@@@Z 00406950 f   ado.obj
 0001:00005a90       ?Open@CADODatabase@@QAEHPBG00@Z 00406a90 f   ado.obj
 0001:00005c40       ?dump_com_error@CADODatabase@@IAEXAAV_com_error@@@Z 00406c40 f   ado.obj
 0001:00005e80       ?IsOpen@CADODatabase@@QAEHXZ 00406e80 f   ado.obj
 0001:00005ef0       ?Close@CADODatabase@@QAEXXZ 00406ef0 f   ado.obj
 0001:00005f50       ??0CADORecordset@@QAE@PAVCADODatabase@@@Z 00406f50 f   ado.obj
 0001:00006110       ?Open@CADORecordset@@QAEHV?$_com_ptr_t@V?$_com_IIID@U_Connection@ADOCG@@$1?_GUID_00000550_0000_0010_8000_00aa006d2ea4@@3U__s_GUID@@A@@@@PBGH@Z 00407110 f   ado.obj
 0001:00006720       ?AfxTrace@@YAXPBGZZ        00407720 f i ado.obj
 0001:00006750       ?Open@CADORecordset@@QAEHPBGH@Z 00407750 f   ado.obj
 0001:000067d0       ?GetFieldValue@CADORecordset@@QAEHPBGAAN@Z 004077d0 f   ado.obj
 0001:00006b50       ?GetFieldValue@CADORecordset@@QAEHHAAN@Z 00407b50 f   ado.obj
 0001:00006ee0       ?GetFieldValue@CADORecordset@@QAEHPBGAAJ@Z 00407ee0 f   ado.obj
 0001:00007100       ?GetFieldValue@CADORecordset@@QAEHHAAJ@Z 00408100 f   ado.obj
 0001:00007330       ?GetFieldValue@CADORecordset@@QAEHPBGAAK@Z 00408330 f   ado.obj
 0001:00007550       ?GetFieldValue@CADORecordset@@QAEHHAAK@Z 00408550 f   ado.obj
 0001:00007780       ?GetFieldValue@CADORecordset@@QAEHPBGAAH@Z 00408780 f   ado.obj
 0001:00007a00       ?GetFieldValue@CADORecordset@@QAEHHAAH@Z 00408a00 f   ado.obj
 0001:00007c90       ?GetFieldValue@CADORecordset@@QAEHPBGAAVCString@@V2@@Z 00408c90 f   ado.obj
 0001:00008380       ?GetFieldValue@CADORecordset@@QAEHHAAVCString@@V2@@Z 00409380 f   ado.obj
 0001:00008a90       ?GetFieldValue@CADORecordset@@QAEHPBGAAVCOleDateTime@@@Z 00409a90 f   ado.obj
 0001:00008d10       ?GetFieldValue@CADORecordset@@QAEHHAAVCOleDateTime@@@Z 00409d10 f   ado.obj
 0001:00008fb0       ?GetFieldValue@CADORecordset@@QAEHPBGAA_N@Z 00409fb0 f   ado.obj
 0001:00009200       ?GetFieldValue@CADORecordset@@QAEHHAA_N@Z 0040a200 f   ado.obj
 0001:00009470       ?GetFieldValue@CADORecordset@@QAEHPBGAAVCOleCurrency@@@Z 0040a470 f   ado.obj
 0001:00009720       ?GetFieldValue@CADORecordset@@QAEHHAAVCOleCurrency@@@Z 0040a720 f   ado.obj
 0001:000099f0       ?GetFieldValue@CADORecordset@@QAEHPBGAAV_variant_t@@@Z 0040a9f0 f   ado.obj
 0001:00009b90       ?GetFieldValue@CADORecordset@@QAEHHAAV_variant_t@@@Z 0040ab90 f   ado.obj
 0001:00009d50       ?IsFieldNull@CADORecordset@@QAEHPBG@Z 0040ad50 f   ado.obj
 0001:00009f30       ?IsFieldNull@CADORecordset@@QAEHH@Z 0040af30 f   ado.obj
 0001:0000a130       ?IsFieldEmpty@CADORecordset@@QAEHPBG@Z 0040b130 f   ado.obj
 0001:0000a340       ?IsFieldEmpty@CADORecordset@@QAEHH@Z 0040b340 f   ado.obj
 0001:0000a560       ?SetFieldEmpty@CADORecordset@@QAEHPBG@Z 0040b560 f   ado.obj
 0001:0000a630       ?SetFieldEmpty@CADORecordset@@QAEHH@Z 0040b630 f   ado.obj
 0001:0000a760       ?GetRecordCount@CADORecordset@@QAEKXZ 0040b760 f   ado.obj
 0001:0000a860       ?IsOpen@CADORecordset@@QAEHXZ 0040b860 f   ado.obj
 0001:0000a8d0       ?Close@CADORecordset@@QAEXXZ 0040b8d0 f   ado.obj
 0001:0000a940       ?Execute@CADODatabase@@QAEHPBG@Z 0040b940 f   ado.obj
 0001:0000aa60       ?RecordBinding@CADORecordset@@QAEHAAVCADORecordBinding@@@Z 0040ba60 f   ado.obj
 0001:0000ab50       ?GetFieldInfo@CADORecordset@@QAEHPBGPAUCADOFieldInfo@@@Z 0040bb50 f   ado.obj
 0001:0000ac80       ?GetFieldInfo@CADORecordset@@QAEHHPAUCADOFieldInfo@@@Z 0040bc80 f   ado.obj
 0001:0000adc0       ?GetFieldInfo@CADORecordset@@IAEHV?$_com_ptr_t@V?$_com_IIID@UField@ADOCG@@$1?_GUID_00000569_0000_0010_8000_00aa006d2ea4@@3U__s_GUID@@A@@@@PAUCADOFieldInfo@@@Z 0040bdc0 f   ado.obj
 0001:0000af30       ??H@YG?AVCString@@ABV0@D@Z 0040bf30 f i ado.obj
 0001:0000afa0       ?GetChunk@CADORecordset@@QAEHPBGAAVCString@@@Z 0040bfa0 f   ado.obj
 0001:0000b0d0       ?IsEmpty@CString@@QBEHXZ   0040c0d0 f i ado.obj
 0001:0000b130       ?GetData@CString@@IBEPAUCStringData@@XZ 0040c130 f i ado.obj
 0001:0000b170       ?GetChunk@CADORecordset@@QAEHHAAVCString@@@Z 0040c170 f   ado.obj
 0001:0000b2b0       ??BCString@@QBEPBGXZ       0040c2b0 f i ado.obj
 0001:0000b2f0       ?CompareNoCase@CString@@QBEHPBG@Z 0040c2f0 f i ado.obj
 0001:0000b350       ?GetChunk@CADORecordset@@IAEHV?$_com_ptr_t@V?$_com_IIID@UField@ADOCG@@$1?_GUID_00000569_0000_0010_8000_00aa006d2ea4@@3U__s_GUID@@A@@@@AAVCString@@@Z 0040c350 f   ado.obj
 0001:0000b560       ?GetChunk@CADORecordset@@QAEHPBGPAX@Z 0040c560 f   ado.obj
 0001:0000b690       ?GetChunk@CADORecordset@@QAEHHPAX@Z 0040c690 f   ado.obj
 0001:0000b7d0       ?GetChunk@CADORecordset@@IAEHV?$_com_ptr_t@V?$_com_IIID@UField@ADOCG@@$1?_GUID_00000569_0000_0010_8000_00aa006d2ea4@@3U__s_GUID@@A@@@@PAX@Z 0040c7d0 f   ado.obj
 0001:0000b9f0       ?AppendChunk@CADORecordset@@QAEHPBGPAXI@Z 0040c9f0 f   ado.obj
 0001:0000bb20       ?AppendChunk@CADORecordset@@QAEHHPAXI@Z 0040cb20 f   ado.obj
 0001:0000bc60       ?AppendChunk@CADORecordset@@IAEHV?$_com_ptr_t@V?$_com_IIID@UField@ADOCG@@$1?_GUID_00000569_0000_0010_8000_00aa006d2ea4@@3U__s_GUID@@A@@@@PAXI@Z 0040cc60 f   ado.obj
 0001:0000bec0       ?GetString@CADORecordset@@QAE?AVCString@@PBG00J@Z 0040cec0 f   ado.obj
 0001:0000c150       ?IntToStr@@YA?AVCString@@H@Z 0040d150 f   ado.obj
 0001:0000c230       ?LongToStr@@YA?AVCString@@J@Z 0040d230 f   ado.obj
 0001:0000c310       ?ULongToStr@@YA?AVCString@@K@Z 0040d310 f   ado.obj
 0001:0000c3f0       ?DblToStr@@YA?AVCString@@NH@Z 0040d3f0 f   ado.obj
 0001:0000c4e0       ?DblToStr@@YA?AVCString@@M@Z 0040d4e0 f   ado.obj
 0001:0000c5d0       ?Edit@CADORecordset@@QAEXXZ 0040d5d0 f   ado.obj
 0001:0000c610       ?AddNew@CADORecordset@@QAEHXZ 0040d610 f   ado.obj
 0001:0000c6a0       ?AddNew@CADORecordset@@QAEHAAVCADORecordBinding@@@Z 0040d6a0 f   ado.obj
 0001:0000c7a0       ?Update@CADORecordset@@QAEHXZ 0040d7a0 f   ado.obj
 0001:0000c900       ?CancelUpdate@CADORecordset@@QAEXXZ 0040d900 f   ado.obj
 0001:0000c960       ?SetFieldValue@CADORecordset@@QAEHHVCString@@@Z 0040d960 f   ado.obj
 0001:0000cad0       ?SetFieldValue@CADORecordset@@QAEHPBGVCString@@@Z 0040dad0 f   ado.obj
 0001:0000cbe0       ?SetFieldValue@CADORecordset@@QAEHHH@Z 0040dbe0 f   ado.obj
 0001:0000cd20       ?SetFieldValue@CADORecordset@@QAEHPBGH@Z 0040dd20 f   ado.obj
 0001:0000cdf0       ?SetFieldValue@CADORecordset@@QAEHHJ@Z 0040ddf0 f   ado.obj
 0001:0000cf20       ?SetFieldValue@CADORecordset@@QAEHPBGJ@Z 0040df20 f   ado.obj
 0001:0000cff0       ?SetFieldValue@CADORecordset@@QAEHHK@Z 0040dff0 f   ado.obj
 0001:0000d120       ?SetFieldValue@CADORecordset@@QAEHPBGK@Z 0040e120 f   ado.obj
 0001:0000d1f0       ?SetFieldValue@CADORecordset@@QAEHHN@Z 0040e1f0 f   ado.obj
 0001:0000d330       ?SetFieldValue@CADORecordset@@QAEHPBGN@Z 0040e330 f   ado.obj
 0001:0000d410       ?SetFieldValue@CADORecordset@@QAEHHVCOleDateTime@@@Z 0040e410 f   ado.obj
 0001:0000d550       ?SetFieldValue@CADORecordset@@QAEHPBGVCOleDateTime@@@Z 0040e550 f   ado.obj
 0001:0000d630       ?SetFieldValue@CADORecordset@@QAEHH_N@Z 0040e630 f   ado.obj
 0001:0000d770       ?SetFieldValue@CADORecordset@@QAEHPBG_N@Z 0040e770 f   ado.obj
 0001:0000d850       ?SetFieldValue@CADORecordset@@QAEHHVCOleCurrency@@@Z 0040e850 f   ado.obj
 0001:0000d9a0       ??1CSingleLock@@QAE@XZ     0040e9a0 f i ado.obj
 0001:0000d9f0       ?SetFieldValue@CADORecordset@@QAEHPBGVCOleCurrency@@@Z 0040e9f0 f   ado.obj
 0001:0000dae0       ??0CCriticalSection@@QAE@XZ 0040eae0 f i ado.obj
 0001:0000db50       ?Serialize@CObject@@UAEXAAVCArchive@@@Z 0040eb50 f i ado.obj
 0001:0000db80       ?AssertValid@CObject@@UBEXXZ 0040eb80 f i ado.obj
 0001:0000dbb0       ?Dump@CObject@@UBEXAAVCDumpContext@@@Z 0040ebb0 f i ado.obj
 0001:0000dbe0       ?Unlock@CSyncObject@@UAEHJPAJ@Z 0040ebe0 f i ado.obj
 0001:0000dc20       ??_ECCriticalSection@@UAEPAXI@Z 0040ec20 f i ado.obj
 0001:0000dc20       ??_GCCriticalSection@@UAEPAXI@Z 0040ec20 f i ado.obj
 0001:0000dc90       ??3CObject@@SGXPAX@Z       0040ec90 f i ado.obj
 0001:0000dce0       ?SetFieldValue@CADORecordset@@QAEHHV_variant_t@@@Z 0040ece0 f   ado.obj
 0001:0000ddf0       ??1CCriticalSection@@UAE@XZ 0040edf0 f i ado.obj
 0001:0000de60       ?Lock@CCriticalSection@@UAEHK@Z 0040ee60 f i ado.obj
 0001:0000deb0       ?Lock@CCriticalSection@@QAEHXZ 0040eeb0 f i ado.obj
 0001:0000df10       ?Unlock@CCriticalSection@@UAEHXZ 0040ef10 f i ado.obj
 0001:0000df70       ?SetFieldValue@CADORecordset@@QAEHPBGV_variant_t@@@Z 0040ef70 f   ado.obj
 0001:0000e030       ?SetBookmark@CADORecordset@@QAEHXZ 0040f030 f   ado.obj
 0001:0000e0a0       ?Delete@CADORecordset@@QAEHXZ 0040f0a0 f   ado.obj
 0001:0000e140       ?Find@CADORecordset@@QAEHPBGH@Z 0040f140 f   ado.obj
 0001:0000e400       ?FindFirst@CADORecordset@@QAEHPBG@Z 0040f400 f   ado.obj
 0001:0000e460       ?FindNext@CADORecordset@@QAEHXZ 0040f460 f   ado.obj
 0001:0000e670       ?PutFieldValue@CADORecordset@@IAEHPBGV_variant_t@@@Z 0040f670 f   ado.obj
 0001:0000e840       ?PutFieldValue@CADORecordset@@IAEHV_variant_t@@0@Z 0040f840 f   ado.obj
 0001:0000ea10       ?Clone@CADORecordset@@QAEHAAV1@@Z 0040fa10 f   ado.obj
 0001:0000eaf0       ?SetFilter@CADORecordset@@QAEHPBG@Z 0040faf0 f   ado.obj
 0001:0000ebd0       ?SetSort@CADORecordset@@QAEHPBG@Z 0040fbd0 f   ado.obj
 0001:0000ecb0       ?SaveAsXML@CADORecordset@@QAEHPBG@Z 0040fcb0 f   ado.obj
 0001:0000edb0       ?OpenXML@CADORecordset@@QAEHPBG@Z 0040fdb0 f   ado.obj
 0001:0000ef10       ?Execute@CADORecordset@@QAEHPAVCADOCommand@@@Z 0040ff10 f   ado.obj
 0001:0000f070       ?dump_com_error@CADORecordset@@IAEXAAV_com_error@@@Z 00410070 f   ado.obj
 0001:0000f320       ??0CADOCommand@@QAE@PAVCADODatabase@@VCString@@H@Z 00410320 f   ado.obj
 0001:0000f4d0       ?AddParameter@CADOCommand@@QAEHPAVCADOParameter@@@Z 004104d0 f   ado.obj
 0001:0000f600       ?AddParameter@CADOCommand@@QAEHVCString@@HHJH@Z 00410600 f   ado.obj
 0001:0000f720       ?AddParameter@CADOCommand@@QAEHVCString@@HHJJ@Z 00410720 f   ado.obj
 0001:0000f840       ?AddParameter@CADOCommand@@QAEHVCString@@HHJN@Z 00410840 f   ado.obj
 0001:0000f960       ?AddParameter@CADOCommand@@QAEHVCString@@HHJ0@Z 00410960 f   ado.obj
 0001:0000fa90       ?AddParameter@CADOCommand@@QAEHVCString@@HHJVCOleDateTime@@@Z 00410a90 f   ado.obj
 0001:0000fbb0       ?AddParameter@CADOCommand@@QAEHVCString@@HHJV_variant_t@@@Z 00410bb0 f   ado.obj
 0001:0000fd10       ?SetText@CADOCommand@@QAEXVCString@@@Z 00410d10 f   ado.obj
 0001:0000fdf0       ?SetType@CADOCommand@@QAEXH@Z 00410df0 f   ado.obj
 0001:0000fe60       ?dump_com_error@CADOCommand@@IAEXAAV_com_error@@@Z 00410e60 f   ado.obj
 0001:0000ffd0       ??0CADOParameter@@QAE@HJHVCString@@@Z 00410fd0 f   ado.obj
 0001:00010160       ?SetValue@CADOParameter@@QAEHH@Z 00411160 f   ado.obj
 0001:000102b0       ?SetValue@CADOParameter@@QAEHJ@Z 004112b0 f   ado.obj
 0001:00010400       ?SetValue@CADOParameter@@QAEHN@Z 00411400 f   ado.obj
 0001:00010550       ?SetValue@CADOParameter@@QAEHVCString@@@Z 00411550 f   ado.obj
 0001:000106f0       ?GetLength@CString@@QBEHXZ 004116f0 f i ado.obj
 0001:00010740       ?SetValue@CADOParameter@@QAEHVCOleDateTime@@@Z 00411740 f   ado.obj
 0001:00010890       ?SetValue@CADOParameter@@QAEHV_variant_t@@@Z 00411890 f   ado.obj
 0001:000109c0       ?GetValue@CADOParameter@@QAEHAAH@Z 004119c0 f   ado.obj
 0001:00010b80       ?GetValue@CADOParameter@@QAEHAAJ@Z 00411b80 f   ado.obj
 0001:00010cf0       ?GetValue@CADOParameter@@QAEHAAN@Z 00411cf0 f   ado.obj
 0001:00010f80       ?GetValue@CADOParameter@@QAEHAAVCString@@V2@@Z 00411f80 f   ado.obj
 0001:00011500       ?GetValue@CADOParameter@@QAEHAAVCOleDateTime@@@Z 00412500 f   ado.obj
 0001:000116b0       ?GetValue@CADOParameter@@QAEHAAV_variant_t@@@Z 004126b0 f   ado.obj
 0001:000117a0       ?dump_com_error@CADOParameter@@IAEXAAV_com_error@@@Z 004127a0 f   ado.obj
 0001:00011910       ??0?$_com_ptr_t@V?$_com_IIID@U_Connection@ADOCG@@$1?_GUID_00000550_0000_0010_8000_00aa006d2ea4@@3U__s_GUID@@A@@@@QAE@XZ 00412910 f i ado.obj
 0001:00011950       ??0?$_com_ptr_t@V?$_com_IIID@U_Connection@ADOCG@@$1?_GUID_00000550_0000_0010_8000_00aa006d2ea4@@3U__s_GUID@@A@@@@QAE@ABV0@@Z 00412950 f i ado.obj
 0001:000119b0       ??4?$_com_ptr_t@V?$_com_IIID@U_Connection@ADOCG@@$1?_GUID_00000550_0000_0010_8000_00aa006d2ea4@@3U__s_GUID@@A@@@@QAEAAV0@ABV0@@Z 004129b0 f i ado.obj
 0001:00011a00       ??1?$_com_ptr_t@V?$_com_IIID@U_Connection@ADOCG@@$1?_GUID_00000550_0000_0010_8000_00aa006d2ea4@@3U__s_GUID@@A@@@@QAE@XZ 00412a00 f i ado.obj
 0001:00011a50       ??B?$_com_ptr_t@V?$_com_IIID@U_Connection@ADOCG@@$1?_GUID_00000550_0000_0010_8000_00aa006d2ea4@@3U__s_GUID@@A@@@@QBEPAU_Connection@ADOCG@@XZ 00412a50 f i ado.obj
 0001:00011a90       ??C?$_com_ptr_t@V?$_com_IIID@U_Connection@ADOCG@@$1?_GUID_00000550_0000_0010_8000_00aa006d2ea4@@3U__s_GUID@@A@@@@QBEPAU_Connection@ADOCG@@XZ 00412a90 f i ado.obj
 0001:00011af0       ??B?$_com_ptr_t@V?$_com_IIID@U_Connection@ADOCG@@$1?_GUID_00000550_0000_0010_8000_00aa006d2ea4@@3U__s_GUID@@A@@@@QBE_NXZ 00412af0 f i ado.obj
 0001:00011b30       ??0?$_com_ptr_t@V?$_com_IIID@U_Recordset@ADOCG@@$1?_GUID_00000556_0000_0010_8000_00aa006d2ea4@@3U__s_GUID@@A@@@@QAE@XZ 00412b30 f i ado.obj
 0001:00011b70       ??4?$_com_ptr_t@V?$_com_IIID@U_Recordset@ADOCG@@$1?_GUID_00000556_0000_0010_8000_00aa006d2ea4@@3U__s_GUID@@A@@@@QAEAAV0@ABV0@@Z 00412b70 f i ado.obj
 0001:00011bc0       ??4?$_com_ptr_t@V?$_com_IIID@U_Recordset@ADOCG@@$1?_GUID_00000556_0000_0010_8000_00aa006d2ea4@@3U__s_GUID@@A@@@@QAEAAV0@H@Z 00412bc0 f i ado.obj
 0001:00011c20       ??1?$_com_ptr_t@V?$_com_IIID@U_Recordset@ADOCG@@$1?_GUID_00000556_0000_0010_8000_00aa006d2ea4@@3U__s_GUID@@A@@@@QAE@XZ 00412c20 f i ado.obj
 0001:00011c70       ??C?$_com_ptr_t@V?$_com_IIID@U_Recordset@ADOCG@@$1?_GUID_00000556_0000_0010_8000_00aa006d2ea4@@3U__s_GUID@@A@@@@QBEPAU_Recordset@ADOCG@@XZ 00412c70 f i ado.obj
 0001:00011cd0       ??B?$_com_ptr_t@V?$_com_IIID@U_Recordset@ADOCG@@$1?_GUID_00000556_0000_0010_8000_00aa006d2ea4@@3U__s_GUID@@A@@@@QBE_NXZ 00412cd0 f i ado.obj
 0001:00011d10       ??9?$_com_ptr_t@V?$_com_IIID@U_Recordset@ADOCG@@$1?_GUID_00000556_0000_0010_8000_00aa006d2ea4@@3U__s_GUID@@A@@@@QAE_NH@Z 00412d10 f i ado.obj
 0001:00011d70       ?CreateInstance@?$_com_ptr_t@V?$_com_IIID@U_Recordset@ADOCG@@$1?_GUID_00000556_0000_0010_8000_00aa006d2ea4@@3U__s_GUID@@A@@@@QAEJABU_GUID@@PAUIUnknown@@K@Z 00412d70 f i ado.obj
 0001:00011eb0       ??0?$_com_ptr_t@V?$_com_IIID@U_Parameter@ADOCG@@$1?_GUID_0000050c_0000_0010_8000_00aa006d2ea4@@3U__s_GUID@@A@@@@QAE@XZ 00412eb0 f i ado.obj
 0001:00011ef0       ??4?$_com_ptr_t@V?$_com_IIID@U_Parameter@ADOCG@@$1?_GUID_0000050c_0000_0010_8000_00aa006d2ea4@@3U__s_GUID@@A@@@@QAEAAV0@H@Z 00412ef0 f i ado.obj
 0001:00011f50       ??1?$_com_ptr_t@V?$_com_IIID@U_Parameter@ADOCG@@$1?_GUID_0000050c_0000_0010_8000_00aa006d2ea4@@3U__s_GUID@@A@@@@QAE@XZ 00412f50 f i ado.obj
 0001:00011fa0       ??B?$_com_ptr_t@V?$_com_IIID@U_Parameter@ADOCG@@$1?_GUID_0000050c_0000_0010_8000_00aa006d2ea4@@3U__s_GUID@@A@@@@QBEPAU_Parameter@ADOCG@@XZ 00412fa0 f i ado.obj
 0001:00011fe0       ??C?$_com_ptr_t@V?$_com_IIID@U_Parameter@ADOCG@@$1?_GUID_0000050c_0000_0010_8000_00aa006d2ea4@@3U__s_GUID@@A@@@@QBEPAU_Parameter@ADOCG@@XZ 00412fe0 f i ado.obj
 0001:00012040       ?CreateInstance@?$_com_ptr_t@V?$_com_IIID@U_Parameter@ADOCG@@$1?_GUID_0000050c_0000_0010_8000_00aa006d2ea4@@3U__s_GUID@@A@@@@QAEJABU_GUID@@PAUIUnknown@@K@Z 00413040 f i ado.obj
 0001:00012180       ??1?$_com_ptr_t@V?$_com_IIID@UParameters@ADOCG@@$1?_GUID_0000050d_0000_0010_8000_00aa006d2ea4@@3U__s_GUID@@A@@@@QAE@XZ 00413180 f i ado.obj
 0001:000121d0       ??C?$_com_ptr_t@V?$_com_IIID@UParameters@ADOCG@@$1?_GUID_0000050d_0000_0010_8000_00aa006d2ea4@@3U__s_GUID@@A@@@@QBEPAUParameters@ADOCG@@XZ 004131d0 f i ado.obj
 0001:00012230       ??1?$_com_ptr_t@V?$_com_IIID@UFields@ADOCG@@$1?_GUID_00000564_0000_0010_8000_00aa006d2ea4@@3U__s_GUID@@A@@@@QAE@XZ 00413230 f i ado.obj
 0001:00012280       ??C?$_com_ptr_t@V?$_com_IIID@UFields@ADOCG@@$1?_GUID_00000564_0000_0010_8000_00aa006d2ea4@@3U__s_GUID@@A@@@@QBEPAUFields@ADOCG@@XZ 00413280 f i ado.obj
 0001:000122e0       ??0?$_com_ptr_t@V?$_com_IIID@UField@ADOCG@@$1?_GUID_00000569_0000_0010_8000_00aa006d2ea4@@3U__s_GUID@@A@@@@QAE@ABV0@@Z 004132e0 f i ado.obj
 0001:00012340       ??1?$_com_ptr_t@V?$_com_IIID@UField@ADOCG@@$1?_GUID_00000569_0000_0010_8000_00aa006d2ea4@@3U__s_GUID@@A@@@@QAE@XZ 00413340 f i ado.obj
 0001:00012390       ??C?$_com_ptr_t@V?$_com_IIID@UField@ADOCG@@$1?_GUID_00000569_0000_0010_8000_00aa006d2ea4@@3U__s_GUID@@A@@@@QBEPAUField@ADOCG@@XZ 00413390 f i ado.obj
 0001:000123f0       ??0?$_com_ptr_t@V?$_com_IIID@U_Command@ADOCG@@$1?_GUID_b08400bd_f9d1_4d02_b856_71d5dba123e9@@3U__s_GUID@@A@@@@QAE@XZ 004133f0 f i ado.obj
 0001:00012430       ??4?$_com_ptr_t@V?$_com_IIID@U_Command@ADOCG@@$1?_GUID_b08400bd_f9d1_4d02_b856_71d5dba123e9@@3U__s_GUID@@A@@@@QAEAAV0@H@Z 00413430 f i ado.obj
 0001:00012490       ??1?$_com_ptr_t@V?$_com_IIID@U_Command@ADOCG@@$1?_GUID_b08400bd_f9d1_4d02_b856_71d5dba123e9@@3U__s_GUID@@A@@@@QAE@XZ 00413490 f i ado.obj
 0001:000124e0       ??C?$_com_ptr_t@V?$_com_IIID@U_Command@ADOCG@@$1?_GUID_b08400bd_f9d1_4d02_b856_71d5dba123e9@@3U__s_GUID@@A@@@@QBEPAU_Command@ADOCG@@XZ 004134e0 f i ado.obj
 0001:00012540       ?CreateInstance@?$_com_ptr_t@V?$_com_IIID@U_Command@ADOCG@@$1?_GUID_b08400bd_f9d1_4d02_b856_71d5dba123e9@@3U__s_GUID@@A@@@@QAEJABU_GUID@@PAUIUnknown@@K@Z 00413540 f i ado.obj
 0001:00012680       ??4?$_com_ptr_t@V?$_com_IIID@U_Connection@ADOCG@@$1?_GUID_00000550_0000_0010_8000_00aa006d2ea4@@3U__s_GUID@@A@@@@QAEAAV0@PAU_Connection@ADOCG@@@Z 00413680 f i ado.obj
 0001:00012710       ?_Release@?$_com_ptr_t@V?$_com_IIID@U_Connection@ADOCG@@$1?_GUID_00000550_0000_0010_8000_00aa006d2ea4@@3U__s_GUID@@A@@@@AAEXXZ 00413710 f i ado.obj
 0001:00012780       ?_AddRef@?$_com_ptr_t@V?$_com_IIID@U_Connection@ADOCG@@$1?_GUID_00000550_0000_0010_8000_00aa006d2ea4@@3U__s_GUID@@A@@@@AAEXXZ 00413780 f i ado.obj
 0001:000127f0       ?GetIID@?$_com_ptr_t@V?$_com_IIID@U_Recordset@ADOCG@@$1?_GUID_00000556_0000_0010_8000_00aa006d2ea4@@3U__s_GUID@@A@@@@SAABU_GUID@@XZ 004137f0 f i ado.obj
 0001:00012830       ??4?$_com_ptr_t@V?$_com_IIID@U_Recordset@ADOCG@@$1?_GUID_00000556_0000_0010_8000_00aa006d2ea4@@3U__s_GUID@@A@@@@QAEAAV0@PAU_Recordset@ADOCG@@@Z 00413830 f i ado.obj
 0001:000128c0       ??8?$_com_ptr_t@V?$_com_IIID@U_Recordset@ADOCG@@$1?_GUID_00000556_0000_0010_8000_00aa006d2ea4@@3U__s_GUID@@A@@@@QAE_NH@Z 004138c0 f i ado.obj
 0001:00012920       ?_Release@?$_com_ptr_t@V?$_com_IIID@U_Recordset@ADOCG@@$1?_GUID_00000556_0000_0010_8000_00aa006d2ea4@@3U__s_GUID@@A@@@@AAEXXZ 00413920 f i ado.obj
 0001:00012990       ?_AddRef@?$_com_ptr_t@V?$_com_IIID@U_Recordset@ADOCG@@$1?_GUID_00000556_0000_0010_8000_00aa006d2ea4@@3U__s_GUID@@A@@@@AAEXXZ 00413990 f i ado.obj
 0001:00012a00       ?GetIID@?$_com_ptr_t@V?$_com_IIID@U_Parameter@ADOCG@@$1?_GUID_0000050c_0000_0010_8000_00aa006d2ea4@@3U__s_GUID@@A@@@@SAABU_GUID@@XZ 00413a00 f i ado.obj
 0001:00012a40       ??4?$_com_ptr_t@V?$_com_IIID@U_Parameter@ADOCG@@$1?_GUID_0000050c_0000_0010_8000_00aa006d2ea4@@3U__s_GUID@@A@@@@QAEAAV0@PAU_Parameter@ADOCG@@@Z 00413a40 f i ado.obj
 0001:00012ad0       ?_Release@?$_com_ptr_t@V?$_com_IIID@U_Parameter@ADOCG@@$1?_GUID_0000050c_0000_0010_8000_00aa006d2ea4@@3U__s_GUID@@A@@@@AAEXXZ 00413ad0 f i ado.obj
 0001:00012b40       ?_AddRef@?$_com_ptr_t@V?$_com_IIID@U_Parameter@ADOCG@@$1?_GUID_0000050c_0000_0010_8000_00aa006d2ea4@@3U__s_GUID@@A@@@@AAEXXZ 00413b40 f i ado.obj
 0001:00012bb0       ?_Release@?$_com_ptr_t@V?$_com_IIID@UParameters@ADOCG@@$1?_GUID_0000050d_0000_0010_8000_00aa006d2ea4@@3U__s_GUID@@A@@@@AAEXXZ 00413bb0 f i ado.obj
 0001:00012c20       ?_Release@?$_com_ptr_t@V?$_com_IIID@UFields@ADOCG@@$1?_GUID_00000564_0000_0010_8000_00aa006d2ea4@@3U__s_GUID@@A@@@@AAEXXZ 00413c20 f i ado.obj
 0001:00012c90       ?_Release@?$_com_ptr_t@V?$_com_IIID@UField@ADOCG@@$1?_GUID_00000569_0000_0010_8000_00aa006d2ea4@@3U__s_GUID@@A@@@@AAEXXZ 00413c90 f i ado.obj
 0001:00012d00       ?_AddRef@?$_com_ptr_t@V?$_com_IIID@UField@ADOCG@@$1?_GUID_00000569_0000_0010_8000_00aa006d2ea4@@3U__s_GUID@@A@@@@AAEXXZ 00413d00 f i ado.obj
 0001:00012d70       ?GetIID@?$_com_ptr_t@V?$_com_IIID@U_Command@ADOCG@@$1?_GUID_b08400bd_f9d1_4d02_b856_71d5dba123e9@@3U__s_GUID@@A@@@@SAABU_GUID@@XZ 00413d70 f i ado.obj
 0001:00012db0       ??4?$_com_ptr_t@V?$_com_IIID@U_Command@ADOCG@@$1?_GUID_b08400bd_f9d1_4d02_b856_71d5dba123e9@@3U__s_GUID@@A@@@@QAEAAV0@PAU_Command@ADOCG@@@Z 00413db0 f i ado.obj
 0001:00012e40       ?_Release@?$_com_ptr_t@V?$_com_IIID@U_Command@ADOCG@@$1?_GUID_b08400bd_f9d1_4d02_b856_71d5dba123e9@@3U__s_GUID@@A@@@@AAEXXZ 00413e40 f i ado.obj
 0001:00012eb0       ?_AddRef@?$_com_ptr_t@V?$_com_IIID@U_Command@ADOCG@@$1?_GUID_b08400bd_f9d1_4d02_b856_71d5dba123e9@@3U__s_GUID@@A@@@@AAEXXZ 00413eb0 f i ado.obj
 0001:00012f20       ?GetIID@?$_com_IIID@U_Recordset@ADOCG@@$1?_GUID_00000556_0000_0010_8000_00aa006d2ea4@@3U__s_GUID@@A@@SAABU_GUID@@XZ 00413f20 f i ado.obj
 0001:00012f50       ?GetIID@?$_com_IIID@U_Parameter@ADOCG@@$1?_GUID_0000050c_0000_0010_8000_00aa006d2ea4@@3U__s_GUID@@A@@SAABU_GUID@@XZ 00413f50 f i ado.obj
 0001:00012f80       ?GetIID@?$_com_IIID@U_Command@ADOCG@@$1?_GUID_b08400bd_f9d1_4d02_b856_71d5dba123e9@@3U__s_GUID@@A@@SAABU_GUID@@XZ 00413f80 f i ado.obj
 0001:00012fb0       ??0COleCurrency@@QAE@XZ    00413fb0 f i ado.obj
 0001:00013020       ?SetStatus@COleCurrency@@QAEXW4CurrencyStatus@1@@Z 00414020 f i ado.obj
 0001:00013060       ??0COleDateTime@@QAE@ABUtagVARIANT@@@Z 00414060 f i ado.obj
 0001:000130b0       ??4COleDateTime@@QAEABV0@ABV0@@Z 004140b0 f i ado.obj
 0001:00013110       ?SetStatus@COleDateTime@@QAEXW4DateTimeStatus@1@@Z 00414110 f i ado.obj
 0001:00013150       ??BCOleDateTime@@QBENXZ    00414150 f i ado.obj
 0001:00013190       ??0_bstr_t@@QAE@XZ         00414190 f i ado.obj
 0001:000131d0       ??0_bstr_t@@QAE@ABV0@@Z    004141d0 f i ado.obj
 0001:00013230       ??0_bstr_t@@QAE@PBD@Z      00414230 f i ado.obj
 0001:00013310       ??0_bstr_t@@QAE@PBG@Z      00414310 f i ado.obj
 0001:000133f0       ??1_bstr_t@@QAE@XZ         004143f0 f i ado.obj
 0001:00013440       ??4_bstr_t@@QAEAAV0@ABV0@@Z 00414440 f i ado.obj
 0001:000134a0       ??B_bstr_t@@QBEPBGXZ       004144a0 f i ado.obj
 0001:00013510       ??B_bstr_t@@QBEPAGXZ       00414510 f i ado.obj
 0001:00013580       ??B_bstr_t@@QBEPBDXZ       00414580 f i ado.obj
 0001:000135f0       ?_AddRef@_bstr_t@@AAEXXZ   004145f0 f i ado.obj
 0001:00013640       ?_Free@_bstr_t@@AAEXXZ     00414640 f i ado.obj
 0001:000136a0       ??0Data_t@_bstr_t@@QAE@PBD@Z 004146a0 f i ado.obj
 0001:00013730       ??0Data_t@_bstr_t@@QAE@PBG@Z 00414730 f i ado.obj
 0001:000137d0       ?AddRef@Data_t@_bstr_t@@QAEKXZ 004147d0 f i ado.obj
 0001:00013830       ?Release@Data_t@_bstr_t@@QAEKXZ 00414830 f i ado.obj
 0001:000138d0       ??_GData_t@_bstr_t@@AAEPAXI@Z 004148d0 f i ado.obj
 0001:00013940       ?GetWString@Data_t@_bstr_t@@QBEPBGXZ 00414940 f i ado.obj
 0001:00013980       ?GetString@Data_t@_bstr_t@@QBEPBDXZ 00414980 f i ado.obj
 0001:00013a10       ??1Data_t@_bstr_t@@AAE@XZ  00414a10 f i ado.obj
 0001:00013a60       ?_Free@Data_t@_bstr_t@@AAEXXZ 00414a60 f i ado.obj
 0001:00013af0       ??0_variant_t@@QAE@XZ      00414af0 f i ado.obj
 0001:00013b50       ??0_variant_t@@QAE@ABV0@@Z 00414b50 f i ado.obj
 0001:00013bd0       ?CheckError@_com_util@@YAXJ@Z 00414bd0 f i ado.obj
 0001:00013c20       ??0_variant_t@@QAE@PBG@Z   00414c20 f i ado.obj
 0001:00013cb0       ??0_variant_t@@QAE@PBD@Z   00414cb0 f i ado.obj
 0001:00013d30       ??0_variant_t@@QAE@PAUIDispatch@@_N@Z 00414d30 f i ado.obj
 0001:00013dc0       ??4_variant_t@@QAEAAV0@ABV0@@Z 00414dc0 f i ado.obj
 0001:00013e30       ??1_variant_t@@QAE@XZ      00414e30 f i ado.obj
 0001:00013e90       ?Error@_com_error@@QBEJXZ  00414e90 f i ado.obj
 0001:00013ed0       ?Description@_com_error@@QBE?AV_bstr_t@@XZ 00414ed0 f i ado.obj
 0001:00013f70       ??0_bstr_t@@QAE@PAG_N@Z    00414f70 f i ado.obj
 0001:00014050       ??0Data_t@_bstr_t@@QAE@PAG_N@Z 00415050 f i ado.obj
 0001:00014120       ?Source@_com_error@@QBE?AV_bstr_t@@XZ 00415120 f i ado.obj
 0001:000141c0       ?ErrorMessage@_com_error@@QBEPBGXZ 004151c0 f i ado.obj
 0001:00014390       ?WCode@_com_error@@QBEGXZ  00415390 f i ado.obj
 0001:000143e0       ?HRESULTToWCode@_com_error@@SAGJ@Z 004153e0 f i ado.obj
 0001:00014450       ?Append@_DynaCollection@ADOCG@@QAEJPAUIDispatch@@@Z 00415450 f i ado.obj
 0001:000144d0       ?PutRefActiveConnection@Command15@ADOCG@@QAEXPAU_Connection@2@@Z 004154d0 f i ado.obj
 0001:00014550       ?PutCommandText@Command15@ADOCG@@QAEXV_bstr_t@@@Z 00415550 f i ado.obj
 0001:00014620       ?Execute@Command15@ADOCG@@QAE?AV?$_com_ptr_t@V?$_com_IIID@U_Recordset@ADOCG@@$1?_GUID_00000556_0000_0010_8000_00aa006d2ea4@@3U__s_GUID@@A@@@@PAUtagVARIANT@@0J@Z 00415620 f i ado.obj
 0001:000146e0       ??0?$_com_ptr_t@V?$_com_IIID@U_Recordset@ADOCG@@$1?_GUID_00000556_0000_0010_8000_00aa006d2ea4@@3U__s_GUID@@A@@@@QAE@PAU_Recordset@ADOCG@@_N@Z 004156e0 f i ado.obj
 0001:00014750       ?CreateParameter@Command15@ADOCG@@QAE?AV?$_com_ptr_t@V?$_com_IIID@U_Parameter@ADOCG@@$1?_GUID_0000050c_0000_0010_8000_00aa006d2ea4@@3U__s_GUID@@A@@@@V_bstr_t@@W4DataTypeEnum@2@W4ParameterDirectionEnum@2@JABV_variant_t@@@Z 00415750 f i ado.obj
 0001:000148a0       ??0?$_com_ptr_t@V?$_com_IIID@U_Parameter@ADOCG@@$1?_GUID_0000050c_0000_0010_8000_00aa006d2ea4@@3U__s_GUID@@A@@@@QAE@PAU_Parameter@ADOCG@@_N@Z 004158a0 f i ado.obj
 0001:00014910       ?GetParameters@Command15@ADOCG@@QAE?AV?$_com_ptr_t@V?$_com_IIID@UParameters@ADOCG@@$1?_GUID_0000050d_0000_0010_8000_00aa006d2ea4@@3U__s_GUID@@A@@@@XZ 00415910 f i ado.obj
 0001:000149c0       ??0?$_com_ptr_t@V?$_com_IIID@UParameters@ADOCG@@$1?_GUID_0000050d_0000_0010_8000_00aa006d2ea4@@3U__s_GUID@@A@@@@QAE@PAUParameters@ADOCG@@_N@Z 004159c0 f i ado.obj
 0001:00014a30       ?_AddRef@?$_com_ptr_t@V?$_com_IIID@UParameters@ADOCG@@$1?_GUID_0000050d_0000_0010_8000_00aa006d2ea4@@3U__s_GUID@@A@@@@AAEXXZ 00415a30 f i ado.obj
 0001:00014aa0       ?PutCommandType@Command15@ADOCG@@QAEXW4CommandTypeEnum@2@@Z 00415aa0 f i ado.obj
 0001:00014b20       ?Close@Connection15@ADOCG@@QAEJXZ 00415b20 f i ado.obj
 0001:00014ba0       ?Execute@Connection15@ADOCG@@QAE?AV?$_com_ptr_t@V?$_com_IIID@U_Recordset@ADOCG@@$1?_GUID_00000556_0000_0010_8000_00aa006d2ea4@@3U__s_GUID@@A@@@@V_bstr_t@@PAUtagVARIANT@@J@Z 00415ba0 f i ado.obj
 0001:00014ca0       ?Open@Connection15@ADOCG@@QAEJV_bstr_t@@00J@Z 00415ca0 f i ado.obj
 0001:00014db0       ?PutCursorLocation@Connection15@ADOCG@@QAEXW4CursorLocationEnum@2@@Z 00415db0 f i ado.obj
 0001:00014e30       ?GetState@Connection15@ADOCG@@QAEJXZ 00415e30 f i ado.obj
 0001:00014ec0       ?GetBookmark@Recordset15@ADOCG@@QAE?AV_variant_t@@XZ 00415ec0 f i ado.obj
 0001:00014f80       ??0_variant_t@@QAE@AAUtagVARIANT@@_N@Z 00415f80 f i ado.obj
 0001:00015040       ?PutBookmark@Recordset15@ADOCG@@QAEXABV_variant_t@@@Z 00416040 f i ado.obj
 0001:00015100       ?PutCursorType@Recordset15@ADOCG@@QAEXW4CursorTypeEnum@2@@Z 00416100 f i ado.obj
 0001:00015180       ?GetEndOfFile@Recordset15@ADOCG@@QAEFXZ 00416180 f i ado.obj
 0001:00015200       ?GetFields@Recordset15@ADOCG@@QAE?AV?$_com_ptr_t@V?$_com_IIID@UFields@ADOCG@@$1?_GUID_00000564_0000_0010_8000_00aa006d2ea4@@3U__s_GUID@@A@@@@XZ 00416200 f i ado.obj
 0001:000152b0       ??0?$_com_ptr_t@V?$_com_IIID@UFields@ADOCG@@$1?_GUID_00000564_0000_0010_8000_00aa006d2ea4@@3U__s_GUID@@A@@@@QAE@PAUFields@ADOCG@@_N@Z 004162b0 f i ado.obj
 0001:00015320       ?_AddRef@?$_com_ptr_t@V?$_com_IIID@UFields@ADOCG@@$1?_GUID_00000564_0000_0010_8000_00aa006d2ea4@@3U__s_GUID@@A@@@@AAEXXZ 00416320 f i ado.obj
 0001:00015390       ?GetRecordCount@Recordset15@ADOCG@@QAEJXZ 00416390 f i ado.obj
 0001:00015410       ?AddNew@Recordset15@ADOCG@@QAEJABV_variant_t@@0@Z 00416410 f i ado.obj
 0001:00015520       ?CancelUpdate@Recordset15@ADOCG@@QAEJXZ 00416520 f i ado.obj
 0001:000155a0       ?Close@Recordset15@ADOCG@@QAEJXZ 004165a0 f i ado.obj
 0001:00015620       ?Delete@Recordset15@ADOCG@@QAEJW4AffectEnum@2@@Z 00416620 f i ado.obj
 0001:000156b0       ?MoveNext@Recordset15@ADOCG@@QAEJXZ 004166b0 f i ado.obj
 0001:00015730       ?MoveFirst@Recordset15@ADOCG@@QAEJXZ 00416730 f i ado.obj
 0001:000157b0       ?Open@Recordset15@ADOCG@@QAEJABV_variant_t@@0W4CursorTypeEnum@2@W4LockTypeEnum@2@J@Z 004167b0 f i ado.obj
 0001:000158d0       ?Update@Recordset15@ADOCG@@QAEJABV_variant_t@@0@Z 004168d0 f i ado.obj
 0001:000159e0       ?PutFilter@Recordset15@ADOCG@@QAEXABV_variant_t@@@Z 004169e0 f i ado.obj
 0001:00015aa0       ?PutSort@Recordset15@ADOCG@@QAEXV_bstr_t@@@Z 00416aa0 f i ado.obj
 0001:00015b70       ?GetState@Recordset15@ADOCG@@QAEJXZ 00416b70 f i ado.obj
 0001:00015c00       ?PutCursorLocation@Recordset15@ADOCG@@QAEXW4CursorLocationEnum@2@@Z 00416c00 f i ado.obj
 0001:00015c80       ?Find@Recordset15@ADOCG@@QAEJV_bstr_t@@JW4SearchDirectionEnum@2@ABV_variant_t@@@Z 00416c80 f i ado.obj
 0001:00015db0       ?GetString@Recordset20@ADOCG@@QAE?AV_bstr_t@@W4StringFormatEnum@2@JV3@11@Z 00416db0 f i ado.obj
 0001:00015ef0       ?Clone@Recordset20@ADOCG@@QAE?AV?$_com_ptr_t@V?$_com_IIID@U_Recordset@ADOCG@@$1?_GUID_00000556_0000_0010_8000_00aa006d2ea4@@3U__s_GUID@@A@@@@W4LockTypeEnum@2@@Z 00416ef0 f i ado.obj
 0001:00015fa0       ?Save@_Recordset@ADOCG@@QAEJABV_variant_t@@W4PersistFormatEnum@2@@Z 00416fa0 f i ado.obj
 0001:00016070       ?GetItem@Fields15@ADOCG@@QAE?AV?$_com_ptr_t@V?$_com_IIID@UField@ADOCG@@$1?_GUID_00000569_0000_0010_8000_00aa006d2ea4@@3U__s_GUID@@A@@@@ABV_variant_t@@@Z 00417070 f i ado.obj
 0001:00016160       ??0?$_com_ptr_t@V?$_com_IIID@UField@ADOCG@@$1?_GUID_00000569_0000_0010_8000_00aa006d2ea4@@3U__s_GUID@@A@@@@QAE@PAUField@ADOCG@@_N@Z 00417160 f i ado.obj
 0001:000161d0       ?GetActualSize@Field20@ADOCG@@QAEJXZ 004171d0 f i ado.obj
 0001:00016250       ?GetAttributes@Field20@ADOCG@@QAEJXZ 00417250 f i ado.obj
 0001:000162d0       ?GetDefinedSize@Field20@ADOCG@@QAEJXZ 004172d0 f i ado.obj
 0001:00016350       ?GetName@Field20@ADOCG@@QAE?AV_bstr_t@@XZ 00417350 f i ado.obj
 0001:00016400       ?GetType@Field20@ADOCG@@QAE?AW4DataTypeEnum@2@XZ 00417400 f i ado.obj
 0001:00016480       ?GetValue@Field20@ADOCG@@QAE?AV_variant_t@@XZ 00417480 f i ado.obj
 0001:00016540       ?PutValue@Field20@ADOCG@@QAEXABV_variant_t@@@Z 00417540 f i ado.obj
 0001:00016600       ?AppendChunk@Field20@ADOCG@@QAEJABV_variant_t@@@Z 00417600 f i ado.obj
 0001:000166c0       ?GetChunk@Field20@ADOCG@@QAE?AV_variant_t@@J@Z 004176c0 f i ado.obj
 0001:00016790       ?PutName@_Parameter@ADOCG@@QAEXV_bstr_t@@@Z 00417790 f i ado.obj
 0001:00016860       ?GetValue@_Parameter@ADOCG@@QAE?AV_variant_t@@XZ 00417860 f i ado.obj
 0001:00016920       ?PutValue@_Parameter@ADOCG@@QAEXABV_variant_t@@@Z 00417920 f i ado.obj
 0001:000169e0       ?PutType@_Parameter@ADOCG@@QAEXW4DataTypeEnum@2@@Z 004179e0 f i ado.obj
 0001:00016a60       ?PutDirection@_Parameter@ADOCG@@QAEXW4ParameterDirectionEnum@2@@Z 00417a60 f i ado.obj
 0001:00016ae0       ?PutSize@_Parameter@ADOCG@@QAEXJ@Z 00417ae0 f i ado.obj
 0001:00016b60       ?GetSize@_Parameter@ADOCG@@QAEJXZ 00417b60 f i ado.obj
 0001:00016be0       ?GetActiveConnection@CADODatabase@@QAE?AV?$_com_ptr_t@V?$_com_IIID@U_Connection@ADOCG@@$1?_GUID_00000550_0000_0010_8000_00aa006d2ea4@@3U__s_GUID@@A@@@@XZ 00417be0 f i ado.obj
 0001:00016c50       ?GetConnectionString@CADODatabase@@QAE?AVCString@@XZ 00417c50 f i ado.obj
 0001:00016cc0       ?GetQuery@CADORecordset@@QAE?AVCString@@XZ 00417cc0 f i ado.obj
 0001:00016d30       ?IsEof@CADORecordset@@QAEHXZ 00417d30 f i ado.obj
 0001:00016d90       ?IsBof@CADORecordset@@QAEHXZ 00417d90 f i ado.obj
 0001:00016df0       ?GetBOF@Recordset15@ADOCG@@QAEFXZ 00417df0 f i ado.obj
 0001:00016e70       ?GetParameter@CADOParameter@@QAE?AV?$_com_ptr_t@V?$_com_IIID@U_Parameter@ADOCG@@$1?_GUID_0000050c_0000_0010_8000_00aa006d2ea4@@3U__s_GUID@@A@@@@XZ 00417e70 f i ado.obj
 0001:00016ee0       ??0?$_com_ptr_t@V?$_com_IIID@U_Parameter@ADOCG@@$1?_GUID_0000050c_0000_0010_8000_00aa006d2ea4@@3U__s_GUID@@A@@@@QAE@ABV0@@Z 00417ee0 f i ado.obj
 0001:00016f40       ?GetType@CADOCommand@@QAEHXZ 00417f40 f i ado.obj
 0001:00016f80       ?GetCommand@CADOCommand@@QAE?AV?$_com_ptr_t@V?$_com_IIID@U_Command@ADOCG@@$1?_GUID_b08400bd_f9d1_4d02_b856_71d5dba123e9@@3U__s_GUID@@A@@@@XZ 00417f80 f i ado.obj
 0001:00016ff0       ??0?$_com_ptr_t@V?$_com_IIID@U_Command@ADOCG@@$1?_GUID_b08400bd_f9d1_4d02_b856_71d5dba123e9@@3U__s_GUID@@A@@@@QAE@ABV0@@Z 00417ff0 f i ado.obj
 0001:00017050       ??0CBSTROpt@@QAE@XZ        00418050 f   BSTROpt.obj
 0001:00017090       ??_GCBSTROpt@@UAEPAXI@Z    00418090 f i BSTROpt.obj
 0001:00017090       ??_ECBSTROpt@@UAEPAXI@Z    00418090 f i BSTROpt.obj
 0001:00017100       ??1CBSTROpt@@UAE@XZ        00418100 f   BSTROpt.obj
 0001:00017140       ?BSTRToCString@CBSTROpt@@SA?AVCString@@AAPAG@Z 00418140 f   BSTROpt.obj
 0001:00017210       ?FreeBSTR@CBSTROpt@@SAXAAPAG@Z 00418210 f   BSTROpt.obj
 0001:00017270       ?FreeJobProgressStruct@CBSTROpt@@SAXPAU_tagJobProgressStruct@@@Z 00418270 f   BSTROpt.obj
 0001:000172c0       ?FreeJobDetailStruct@CBSTROpt@@SAXPAU_tagJobDetailStruct@@@Z 004182c0 f   BSTROpt.obj
 0001:00017330       ?FreeBurnPatientInfoStructList@CBSTROpt@@SAXPAU_tagBurnPatientInfoStruct@@H@Z 00418330 f   BSTROpt.obj
 0001:000173a0       ?FreeBurnStudyInfoStructList@CBSTROpt@@SAXPAU_tagBurnStudyInfoStruct@@H@Z 004183a0 f   BSTROpt.obj
 0001:00017410       ?FreeBurnSeriesInfoStructList@CBSTROpt@@SAXPAU_tagBurnSeriesInfoStruct@@H@Z 00418410 f   BSTROpt.obj
 0001:00017480       ?FreeBurnImageInfoStructList@CBSTROpt@@SAXPAU_tagBurnImageInfoStruct@@H@Z 00418480 f   BSTROpt.obj
 0001:000174f0       ?FreeBurnSpeedInfoList@CBSTROpt@@SAXPAU_tagBurnSpeedInfo@@H@Z 004184f0 f   BSTROpt.obj
 0001:00017560       ?FreeBurnPatientInfoStruct@CBSTROpt@@SAXPAU_tagBurnPatientInfoStruct@@@Z 00418560 f   BSTROpt.obj
 0001:000175c0       ?FreeBurnStudyInfoStruct@CBSTROpt@@SAXPAU_tagBurnStudyInfoStruct@@@Z 004185c0 f   BSTROpt.obj
 0001:00017620       ?FreeBurnSeriesInfoStruct@CBSTROpt@@SAXPAU_tagBurnSeriesInfoStruct@@@Z 00418620 f   BSTROpt.obj
 0001:00017680       ?FreeBurnImageInfoStruct@CBSTROpt@@SAXPAU_tagBurnImageInfoStruct@@@Z 00418680 f   BSTROpt.obj
 0001:000176e0       ?FreeBurnSpeedInfo@CBSTROpt@@SAXPAU_tagBurnSpeedInfo@@@Z 004186e0 f   BSTROpt.obj
 0001:00017730       ?FreeBurnMediaInfo@CBSTROpt@@SAXPAU_tagBurnMediaInfo@@@Z 00418730 f   BSTROpt.obj
 0001:00017790       ?FreeDiscImport_SeriesStateStruct@CBSTROpt@@SAXPAU_tagDiscImport_SeriesStateStruct@@@Z 00418790 f   BSTROpt.obj
 0001:00017800       ?FreeDiscImport_SeriesProgressStruct@CBSTROpt@@SAXPAU_tagDiscImport_SeriesProgressStruct@@@Z 00418800 f   BSTROpt.obj
 0001:00017870       ?FreeDiscImport_SeriesDetailStruct@CBSTROpt@@SAXPAU_tagDiscImport_SeriesDetailStruct@@@Z 00418870 f   BSTROpt.obj
 0001:000178e0       ?FreeWorkListStruct@CBSTROpt@@SAXPAU_tagWorkListStruct@@@Z 004188e0 f   BSTROpt.obj
 0001:00017aa0       ?FreeWorkListStructList@CBSTROpt@@SAXPAU_tagWorkListStruct@@H@Z 00418aa0 f   BSTROpt.obj
 0001:00017b10       ?FreeMppsSetResultStruct@CBSTROpt@@SAXPAU_MppsSetResult@@@Z 00418b10 f   BSTROpt.obj
 0001:00017b60       ?FreeConfigInfoStruct@CBSTROpt@@SAXPAUConfigInfoStruct@@@Z 00418b60 f   BSTROpt.obj
 0001:00017c80       ?FreePatientInfoStruct@CBSTROpt@@SAXPAUPatientInfoStruct@@@Z 00418c80 f   BSTROpt.obj
 0001:00017d70       ?FreeStudyInfoStruct@CBSTROpt@@SAXPAUStudyInfoStruct@@@Z 00418d70 f   BSTROpt.obj
 0001:00017e60       ?FreeSeriesInfoStruct@CBSTROpt@@SAXPAUSeriesInfoStruct@@@Z 00418e60 f   BSTROpt.obj
 0001:00017ef0       ?FreeImageInfoStruct@CBSTROpt@@SAXPAUImageInfoStruct@@@Z 00418ef0 f   BSTROpt.obj
 0001:00017fa0       ?FreePostProcessingInfo@CBSTROpt@@SAXPAUPostProcessingInfo@@@Z 00418fa0 f   BSTROpt.obj
 0001:00018010       ?FreePSSIStructList@CBSTROpt@@SAXPAU_tagPSSIInfo@@J@Z 00419010 f   BSTROpt.obj
 0001:00018080       ?FreePSSIStruct@CBSTROpt@@SAXPAU_tagPSSIInfo@@@Z 00419080 f   BSTROpt.obj
 0001:00018110       ?FreePAJob@CBSTROpt@@SAXPAVPAJob@@@Z 00419110 f   BSTROpt.obj
 0001:000182d0       ?size@?$vector@UPatientInfoStruct@@V?$allocator@UPatientInfoStruct@@@std@@@std@@QBEIXZ 004192d0 f i BSTROpt.obj
 0001:00018340       ??A?$vector@UPatientInfoStruct@@V?$allocator@UPatientInfoStruct@@@std@@@std@@QAEAAUPatientInfoStruct@@I@Z 00419340 f i BSTROpt.obj
 0001:00018390       ?size@?$vector@UStudyInfoStruct@@V?$allocator@UStudyInfoStruct@@@std@@@std@@QBEIXZ 00419390 f i BSTROpt.obj
 0001:00018400       ??A?$vector@UStudyInfoStruct@@V?$allocator@UStudyInfoStruct@@@std@@@std@@QAEAAUStudyInfoStruct@@I@Z 00419400 f i BSTROpt.obj
 0001:00018450       ?size@?$vector@USeriesInfoStruct@@V?$allocator@USeriesInfoStruct@@@std@@@std@@QBEIXZ 00419450 f i BSTROpt.obj
 0001:000184c0       ??A?$vector@USeriesInfoStruct@@V?$allocator@USeriesInfoStruct@@@std@@@std@@QAEAAUSeriesInfoStruct@@I@Z 004194c0 f i BSTROpt.obj
 0001:00018510       ?size@?$vector@UImageInfoStruct@@V?$allocator@UImageInfoStruct@@@std@@@std@@QBEIXZ 00419510 f i BSTROpt.obj
 0001:00018580       ??A?$vector@UImageInfoStruct@@V?$allocator@UImageInfoStruct@@@std@@@std@@QAEAAUImageInfoStruct@@I@Z 00419580 f i BSTROpt.obj
 0001:000185e0       ?size@?$vector@UPostProcessingInfo@@V?$allocator@UPostProcessingInfo@@@std@@@std@@QBEIXZ 004195e0 f i BSTROpt.obj
 0001:00018650       ??A?$vector@UPostProcessingInfo@@V?$allocator@UPostProcessingInfo@@@std@@@std@@QAEAAUPostProcessingInfo@@I@Z 00419650 f i BSTROpt.obj
 0001:000186b0       ?begin@?$vector@UPatientInfoStruct@@V?$allocator@UPatientInfoStruct@@@std@@@std@@QAEPAUPatientInfoStruct@@XZ 004196b0 f i BSTROpt.obj
 0001:000186f0       ?begin@?$vector@UStudyInfoStruct@@V?$allocator@UStudyInfoStruct@@@std@@@std@@QAEPAUStudyInfoStruct@@XZ 004196f0 f i BSTROpt.obj
 0001:00018730       ?begin@?$vector@USeriesInfoStruct@@V?$allocator@USeriesInfoStruct@@@std@@@std@@QAEPAUSeriesInfoStruct@@XZ 00419730 f i BSTROpt.obj
 0001:00018770       ?begin@?$vector@UImageInfoStruct@@V?$allocator@UImageInfoStruct@@@std@@@std@@QAEPAUImageInfoStruct@@XZ 00419770 f i BSTROpt.obj
 0001:000187b0       ?begin@?$vector@UPostProcessingInfo@@V?$allocator@UPostProcessingInfo@@@std@@@std@@QAEPAUPostProcessingInfo@@XZ 004197b0 f i BSTROpt.obj
 0001:000187f0       ??0CBuffer@@QAE@XZ         004197f0 f   Buffer.obj
 0001:00018860       ??_GCBuffer@@UAEPAXI@Z     00419860 f i Buffer.obj
 0001:00018860       ??_ECBuffer@@UAEPAXI@Z     00419860 f i Buffer.obj
 0001:000188d0       ??1CBuffer@@UAE@XZ         004198d0 f   Buffer.obj
 0001:00018920       ??0CBuffer@@QAE@K@Z        00419920 f   Buffer.obj
 0001:000189a0       ?SetSize@CBuffer@@QAEHK@Z  004199a0 f   Buffer.obj
 0001:00018a30       ?ReleaseBuffer@CBuffer@@QAEHXZ 00419a30 f   Buffer.obj
 0001:00018ac0       ?GetBuffer@CBuffer@@QAEPAEXZ 00419ac0 f   Buffer.obj
 0001:00018b00       ?GetSize@CBuffer@@QAEKXZ   00419b00 f   Buffer.obj
 0001:00018b40       ?GetValidSize@CBuffer@@QAEKXZ 00419b40 f   Buffer.obj
 0001:00018c10       ?GetInstance@CSystemEventProxy@@SAPAV1@XZ 00419c10 f i Burner.obj
 0001:00018c90       ?_inst@?1??GetInstance@CSystemEventProxy@@SAPAV1@XZ@$AV1@A 00419c90 f i Burner.obj
 0001:00018cd0       ??0CExpPatientOK@@QAE@PAVCSystemEventProxy@@I@Z 00419cd0 f i Burner.obj
 0001:00018db0       ??0CExpImageOK@@QAE@PAVCSystemEventProxy@@I@Z 00419db0 f i Burner.obj
 0001:00018e90       ??0CSendPatientOK@@QAE@PAVCSystemEventProxy@@I@Z 00419e90 f i Burner.obj
 0001:00018f70       ??0CSendPatientFailed@@QAE@PAVCSystemEventProxy@@I@Z 00419f70 f i Burner.obj
 0001:00019050       ??0CSendImageSCOK@@QAE@PAVCSystemEventProxy@@I@Z 0041a050 f i Burner.obj
 0001:00019130       ??0CSendImageSCFailed@@QAE@PAVCSystemEventProxy@@I@Z 0041a130 f i Burner.obj
 0001:00019210       ??0CSendImageOLOK@@QAE@PAVCSystemEventProxy@@I@Z 0041a210 f i Burner.obj
 0001:000192f0       ??0CSendImageOLFailed@@QAE@PAVCSystemEventProxy@@I@Z 0041a2f0 f i Burner.obj
 0001:000193d0       ??0CSendImageProOK@@QAE@PAVCSystemEventProxy@@I@Z 0041a3d0 f i Burner.obj
 0001:000194b0       ??0CSendImageProFailed@@QAE@PAVCSystemEventProxy@@I@Z 0041a4b0 f i Burner.obj
 0001:00019590       ??0CSendImageRawOK@@QAE@PAVCSystemEventProxy@@I@Z 0041a590 f i Burner.obj
 0001:00019670       ??0CSendImageRawFailed@@QAE@PAVCSystemEventProxy@@I@Z 0041a670 f i Burner.obj
 0001:000196c0       ?MessageHandler@@YGXIJI@Z  0041a6c0 f   Burner.obj
 0001:000197a0       ?GetPreBurnJobThreadProc@@YGKPAX@Z 0041a7a0 f   Burner.obj
 0001:000198d0       ??0CBurner@@AAE@XZ         0041a8d0 f   Burner.obj
 0001:00019a70       ??_ECBurner@@UAEPAXI@Z     0041aa70 f i Burner.obj
 0001:00019a70       ??_GCBurner@@UAEPAXI@Z     0041aa70 f i Burner.obj
 0001:00019ae0       ??1CBurner@@UAE@XZ         0041aae0 f   Burner.obj
 0001:00019c30       ?GetInstance@CBurner@@SAPAV1@XZ 0041ac30 f   Burner.obj
 0001:00019d00       ?ReleaseInstance@CBurner@@QAEXXZ 0041ad00 f   Burner.obj
 0001:00019da0       ?Init@CBurner@@QAEHXZ      0041ada0 f   Burner.obj
 0001:0001a110       ?SetSubModuleState@CBurner@@QAEXW4_SubModuleState@@@Z 0041b110 f   Burner.obj
 0001:0001a3c0       ?GetSubModuleState@CBurner@@QAE?AW4_SubModuleState@@XZ 0041b3c0 f   Burner.obj
 0001:0001a400       ?CreateJob@CBurner@@QAEHPAU_tagBurnJobSettingsByPA@@@Z 0041b400 f   Burner.obj
 0001:0001a8c0       ??_GPAJob@@QAEPAXI@Z       0041b8c0 f i Burner.obj
 0001:0001a930       ??0_TagJobDetail@@QAE@XZ   0041b930 f i Burner.obj
 0001:0001a980       ??1_TagJobDetail@@QAE@XZ   0041b980 f i Burner.obj
 0001:0001a9d0       ?HandleMessage@CBurner@@MAEJPAVNSubject@@IJI@Z 0041b9d0 f   Burner.obj
 0001:0001aab0       ?HandleMessageFromDVDBurner@CBurner@@QAEXIJI@Z 0041bab0 f   Burner.obj
 0001:0001bad0       ?BurnPrepare@CBurner@@QAEHPAV?$vector@VCString@@V?$allocator@VCString@@@std@@@std@@W4_PatientAdminUIDType@@@Z 0041cad0 f   Burner.obj
 0001:0001bc00       ?CancelBurnPrepare@CBurner@@QAEHXZ 0041cc00 f   Burner.obj
 0001:0001bc60       ?GetPreBurnJob@CBurner@@QAEHXZ 0041cc60 f   Burner.obj
 0001:0001d1e0       ?Compare@CString@@QBEHPBG@Z 0041e1e0 f i Burner.obj
 0001:0001d240       ?GetAt@CString@@QBEGH@Z    0041e240 f i Burner.obj
 0001:0001d280       ?AttachDcmPartner@CBurner@@QAEXPAVCDcmPartner@@@Z 0041e280 f   Burner.obj
 0001:0001d2f0       ?DetachDcmPartner@CBurner@@QAEXPAVCDcmPartner@@@Z 0041e2f0 f   Burner.obj
 0001:0001d350       ?HandleJob@CBurner@@QAEHPAVPAJob@@@Z 0041e350 f   Burner.obj
 0001:0001ded0       ??ECExpPatientOK@@QAEAAU0@H@Z 0041eed0 f i Burner.obj
 0001:0001dff0       ?postug@CExpPatientOK@@QAEXXZ 0041eff0 f i Burner.obj
 0001:0001e020       ?GetName@ASBasisGetFunctionName@?1??HandleJob@CBurner@@QAEHPAVPAJob@@@Z@QAEXXZ 0041f020 f   Burner.obj
 0001:0001e050       ?AbortBurnWork@CBurner@@QAEHXZ 0041f050 f   Burner.obj
 0001:0001e120       ?GetEstimatedSize@CBurner@@QAEHHHPAK@Z 0041f120 f   Burner.obj
 0001:0001e280       ?EnableCheckDevice@CBurner@@QAEXH@Z 0041f280 f   Burner.obj
 0001:0001e2b0       ?SetBurnMediaCheckRetry@CBurner@@QAEXH@Z 0041f2b0 f   Burner.obj
 0001:0001e2e0       ?GetDevices@CBurner@@QAEHPAPAPAGPAJ@Z 0041f2e0 f   Burner.obj
 0001:0001e4c0       ?GetDeviceDiscInfo@CBurner@@QAEHXZ 0041f4c0 f   Burner.obj
 0001:0001e580       ?SetDevice@CBurner@@QAEHPBG@Z 0041f580 f   Burner.obj
 0001:0001e620       ?UnInit@CBurner@@QAEHXZ    0041f620 f   Burner.obj
 0001:0001e700       ?NotifyUG@CBurner@@QAEXJW4UserGuidanceType@@W4UserGuidancePriority@@H@Z 0041f700 f   Burner.obj
 0001:0001e7b0       ?SetCurrentJobProgress@CBurner@@AAEXW4_JobProgressUsing@@II@Z 0041f7b0 f   Burner.obj
 0001:0001e820       ?SetCurrentJobDetail@CBurner@@AAEXW4_JobDetailUsing@@JPBG@Z 0041f820 f   Burner.obj
 0001:0001e920       ?SetCurrentJobDetailOriginal@CBurner@@AAEXPBG@Z 0041f920 f   Burner.obj
 0001:0001e980       ?SetBurnContent@CBurner@@AAEHXZ 0041f980 f   Burner.obj
 0001:0001f0c0       ?GetVolumeLabel@CBurner@@AAE?AVCString@@PBG@Z 004200c0 f   Burner.obj
 0001:0001f180       ?push_back@?$vector@U_TagJobDetail@@V?$allocator@U_TagJobDetail@@@std@@@std@@QAEXABU_TagJobDetail@@@Z 00420180 f i Burner.obj
 0001:0001f1e0       ?clear@?$vector@U_TagJobDetail@@V?$allocator@U_TagJobDetail@@@std@@@std@@QAEXXZ 004201e0 f i Burner.obj
 0001:0001f240       ??0?$vector@VCString@@V?$allocator@VCString@@@std@@@std@@QAE@ABV?$allocator@VCString@@@1@@Z 00420240 f i Burner.obj
 0001:0001f2b0       ??1?$vector@VCString@@V?$allocator@VCString@@@std@@@std@@QAE@XZ 004202b0 f i Burner.obj
 0001:0001f360       ??4?$vector@VCString@@V?$allocator@VCString@@@std@@@std@@QAEAAV01@ABV01@@Z 00420360 f i Burner.obj
 0001:0001f580       ?size@?$vector@VCString@@V?$allocator@VCString@@@std@@@std@@QBEIXZ 00420580 f i Burner.obj
 0001:0001f5e0       ??0?$vector@PAGV?$allocator@PAG@std@@@std@@QAE@ABV?$allocator@PAG@1@@Z 004205e0 f i Burner.obj
 0001:0001f650       ??1?$vector@PAGV?$allocator@PAG@std@@@std@@QAE@XZ 00420650 f i Burner.obj
 0001:0001f700       ?size@?$vector@PAGV?$allocator@PAG@std@@@std@@QBEIXZ 00420700 f i Burner.obj
 0001:0001f760       ??A?$vector@PAGV?$allocator@PAG@std@@@std@@QAEAAPAGI@Z 00420760 f i Burner.obj
 0001:0001f7b0       ?allocate@?$allocator@VCString@@@std@@QAEPAVCString@@IPBX@Z 004207b0 f i Burner.obj
 0001:0001f800       ?deallocate@?$allocator@VCString@@@std@@QAEXPAXI@Z 00420800 f i Burner.obj
 0001:0001f850       ?begin@?$vector@U_TagJobDetail@@V?$allocator@U_TagJobDetail@@@std@@@std@@QAEPAU_TagJobDetail@@XZ 00420850 f i Burner.obj
 0001:0001f890       ?end@?$vector@U_TagJobDetail@@V?$allocator@U_TagJobDetail@@@std@@@std@@QAEPAU_TagJobDetail@@XZ 00420890 f i Burner.obj
 0001:0001f8d0       ?insert@?$vector@U_TagJobDetail@@V?$allocator@U_TagJobDetail@@@std@@@std@@QAEPAU_TagJobDetail@@PAU3@ABU3@@Z 004208d0 f i Burner.obj
 0001:0001f960       ?erase@?$vector@U_TagJobDetail@@V?$allocator@U_TagJobDetail@@@std@@@std@@QAEPAU_TagJobDetail@@PAU3@0@Z 00420960 f i Burner.obj
 0001:0001f9f0       ?capacity@?$vector@VCString@@V?$allocator@VCString@@@std@@@std@@QBEIXZ 004209f0 f i Burner.obj
 0001:0001fa50       ?begin@?$vector@VCString@@V?$allocator@VCString@@@std@@@std@@QBEPBVCString@@XZ 00420a50 f i Burner.obj
 0001:0001fa90       ?end@?$vector@VCString@@V?$allocator@VCString@@@std@@@std@@QBEPBVCString@@XZ 00420a90 f i Burner.obj
 0001:0001fad0       ?_Destroy@?$vector@VCString@@V?$allocator@VCString@@@std@@@std@@IAEXPAVCString@@0@Z 00420ad0 f i Burner.obj
 0001:0001fb40       ?_Ucopy@?$vector@VCString@@V?$allocator@VCString@@@std@@@std@@IAEPAVCString@@PBV3@0PAV3@@Z 00420b40 f i Burner.obj
 0001:0001fbc0       ?begin@?$vector@PAGV?$allocator@PAG@std@@@std@@QAEPAPAGXZ 00420bc0 f i Burner.obj
 0001:0001fc00       ?_Destroy@?$vector@PAGV?$allocator@PAG@std@@@std@@IAEXPAPAG0@Z 00420c00 f i Burner.obj
 0001:0001fc70       ?deallocate@?$allocator@PAG@std@@QAEXPAXI@Z 00420c70 f i Burner.obj
 0001:0001fcc0       ?construct@?$allocator@VCString@@@std@@QAEXPAVCString@@ABV3@@Z 00420cc0 f i Burner.obj
 0001:0001fd10       ?destroy@?$allocator@VCString@@@std@@QAEXPAVCString@@@Z 00420d10 f i Burner.obj
 0001:0001fd60       ?insert@?$vector@U_TagJobDetail@@V?$allocator@U_TagJobDetail@@@std@@@std@@QAEXPAU_TagJobDetail@@IABU3@@Z 00420d60 f i Burner.obj
 0001:00020060       ?_Destroy@?$vector@U_TagJobDetail@@V?$allocator@U_TagJobDetail@@@std@@@std@@IAEXPAU_TagJobDetail@@0@Z 00421060 f i Burner.obj
 0001:000200d0       ?destroy@?$allocator@PAG@std@@QAEXPAPAG@Z 004210d0 f i Burner.obj
 0001:00020120       ?size@?$vector@U_TagJobDetail@@V?$allocator@U_TagJobDetail@@@std@@@std@@QBEIXZ 00421120 f i Burner.obj
 0001:00020190       ?_Ucopy@?$vector@U_TagJobDetail@@V?$allocator@U_TagJobDetail@@@std@@@std@@IAEPAU_TagJobDetail@@PBU3@0PAU3@@Z 00421190 f i Burner.obj
 0001:00020210       ?_Ufill@?$vector@U_TagJobDetail@@V?$allocator@U_TagJobDetail@@@std@@@std@@IAEXPAU_TagJobDetail@@IABU3@@Z 00421210 f i Burner.obj
 0001:00020290       ?allocate@?$allocator@U_TagJobDetail@@@std@@QAEPAU_TagJobDetail@@IPBX@Z 00421290 f i Burner.obj
 0001:000202e0       ?deallocate@?$allocator@U_TagJobDetail@@@std@@QAEXPAXI@Z 004212e0 f i Burner.obj
 0001:00020330       ?destroy@?$allocator@U_TagJobDetail@@@std@@QAEXPAU_TagJobDetail@@@Z 00421330 f i Burner.obj
 0001:00020380       ?construct@?$allocator@U_TagJobDetail@@@std@@QAEXPAU_TagJobDetail@@ABU3@@Z 00421380 f i Burner.obj
 0001:000203d0       ?copy@std@@YAPAVCString@@PBV2@0PAV2@@Z 004213d0 f i Burner.obj
 0001:00020440       ?_Allocate@std@@YAPAVCString@@HPAV2@@Z 00421440 f i Burner.obj
 0001:000204a0       ?copy@std@@YAPAU_TagJobDetail@@PAU2@00@Z 004214a0 f i Burner.obj
 0001:00020510       ?_Construct@std@@YAXPAVCString@@ABV2@@Z 00421510 f i Burner.obj
 0001:000205c0       ??2@YAPAXIPAX@Z            004215c0 f i Burner.obj
 0001:000205f0       ??3@YAXPAX0@Z              004215f0 f i Burner.obj
 0001:00020620       ?_Destroy@std@@YAXPAVCString@@@Z 00421620 f i Burner.obj
 0001:00020660       ?fill@std@@YAXPAU_TagJobDetail@@0ABU2@@Z 00421660 f i Burner.obj
 0001:000206c0       ?copy_backward@std@@YAPAU_TagJobDetail@@PAU2@00@Z 004216c0 f i Burner.obj
 0001:00020730       ?_Destroy@std@@YAXPAPAG@Z  00421730 f i Burner.obj
 0001:00020760       ?_Allocate@std@@YAPAU_TagJobDetail@@HPAU2@@Z 00421760 f i Burner.obj
 0001:000207c0       ?_Destroy@std@@YAXPAU_TagJobDetail@@@Z 004217c0 f i Burner.obj
 0001:00020800       ?_Construct@std@@YAXPAU_TagJobDetail@@ABU2@@Z 00421800 f i Burner.obj
 0001:000208b0       ??4_TagJobDetail@@QAEAAU0@ABU0@@Z 004218b0 f i Burner.obj
 0001:00020930       ??_GCString@@QAEPAXI@Z     00421930 f i Burner.obj
 0001:000209a0       ??_G_TagJobDetail@@QAEPAXI@Z 004219a0 f i Burner.obj
 0001:00020a10       ??0_TagJobDetail@@QAE@ABU0@@Z 00421a10 f i Burner.obj
 0001:00020a90       ??0CDBController@@AAE@XZ   00421a90 f   DBController.obj
 0001:00020b90       ??_ECDBController@@UAEPAXI@Z 00421b90 f i DBController.obj
 0001:00020b90       ??_GCDBController@@UAEPAXI@Z 00421b90 f i DBController.obj
 0001:00020c00       ??1CDBController@@UAE@XZ   00421c00 f   DBController.obj
 0001:00020ca0       ?GetInstance@CDBController@@SAPAV1@XZ 00421ca0 f   DBController.obj
 0001:00020d60       ?ReleaseInstance@CDBController@@QAEXXZ 00421d60 f   DBController.obj
 0001:00020e00       ?Init@CDBController@@QAEHXZ 00421e00 f   DBController.obj
 0001:00021370       ?GetName@ASBasisGetFunctionName@?1??Init@CDBController@@QAEHXZ@QAEXXZ 00422370 f   DBController.obj
 0001:000213a0       ?UnInit@CDBController@@QAEHXZ 004223a0 f   DBController.obj
 0001:00021550       ?DisableGetJobInfo@CDBController@@QAEXXZ 00422550 f   DBController.obj
 0001:00021590       ?GetConfigInfo@CDBController@@QAEPAUConfigInfoStruct@@XZ 00422590 f   DBController.obj
 0001:00021790       ?IsPatientUIDExistsInDB@CDBController@@QAEHPBGPAH@Z 00422790 f   DBController.obj
 0001:000218a0       ?IsPatientIDExistsInDB@CDBController@@QAEHPBGPAH@Z 004228a0 f   DBController.obj
 0001:000219b0       ?IsStudyUIDExistsInDB@CDBController@@QAEHPBGPAH@Z 004229b0 f   DBController.obj
 0001:00021ac0       ?IsSeriesUIDExistsInDB@CDBController@@QAEHPBGPAH@Z 00422ac0 f   DBController.obj
 0001:00021bd0       ?IsImageUIDExistsInDB@CDBController@@QAEHPBGPAH@Z 00422bd0 f   DBController.obj
 0001:00021ce0       ?SetDBWorkState@CDBController@@QAEXW4_WORKSTATE@@@Z 00422ce0 f   DBController.obj
 0001:00021d20       ?GetJobImageInfoByUIDs@CDBController@@QAEHPAV?$vector@VCString@@V?$allocator@VCString@@@std@@@std@@W4_PatientAdminUIDType@@PAVPAJob@@@Z 00422d20 f   DBController.obj
 0001:00023450       ?AddJobImageInfoByPatientUID@CDBController@@AAEHPBG@Z 00424450 f   DBController.obj
 0001:000237c0       ?AddJobImageInfoByStudyUID@CDBController@@AAEHPBG@Z 004247c0 f   DBController.obj
 0001:00023b30       ?AddJobImageInfoBySeriesUID@CDBController@@AAEHPBG@Z 00424b30 f   DBController.obj
 0001:00023e80       ?AddJobImageInfoByImageUID@CDBController@@AAEHPBG@Z 00424e80 f   DBController.obj
 0001:00024020       ?GetSereisInfoStruct@CDBController@@AAEPAUSeriesInfoStruct@@PBGPAV?$vector@USeriesInfoStruct@@V?$allocator@USeriesInfoStruct@@@std@@@std@@@Z 00425020 f   DBController.obj
 0001:00024130       ?IsImageUIDExisted@CDBController@@AAEHPAV?$vector@UImageInfoStruct@@V?$allocator@UImageInfoStruct@@@std@@@std@@PBG@Z 00425130 f   DBController.obj
 0001:00024170       ?IsSeriesUIDExisted@CDBController@@AAEHPAV?$vector@USeriesInfoStruct@@V?$allocator@USeriesInfoStruct@@@std@@@std@@PBG@Z 00425170 f   DBController.obj
 0001:00024310       ?IsStudyUIDExisted@CDBController@@AAEHPAV?$vector@UStudyInfoStruct@@V?$allocator@UStudyInfoStruct@@@std@@@std@@PBG@Z 00425310 f   DBController.obj
 0001:000244b0       ?IsPatientUIDExisted@CDBController@@AAEHPAV?$vector@UPatientInfoStruct@@V?$allocator@UPatientInfoStruct@@@std@@@std@@PBG@Z 004254b0 f   DBController.obj
 0001:00024650       ?IsGetJobInfoEnabled@CDBController@@AAEHXZ 00425650 f   DBController.obj
 0001:000246d0       ?GetPatientInfo@CDBController@@QAEHPBGPAUPatientInfoStruct@@@Z 004256d0 f   DBController.obj
 0001:000247e0       ?GetPatientInfoByID@CDBController@@QAEHPBGPAUPatientInfoStruct@@@Z 004257e0 f   DBController.obj
 0001:000248f0       ?GetStudyInfo@CDBController@@QAEHPBGPAUStudyInfoStruct@@@Z 004258f0 f   DBController.obj
 0001:00024a00       ?GetSeriesInfo@CDBController@@QAEHPBGPAUSeriesInfoStruct@@@Z 00425a00 f   DBController.obj
 0001:00024b10       ?GetPostProcessInfo@CDBController@@QAEHPBGPAUPostProcessingInfo@@@Z 00425b10 f   DBController.obj
 0001:00024c20       ?IsStudyInstanceUIDExists@CDBController@@QAEHPBGPAH@Z 00425c20 f   DBController.obj
 0001:00024d30       ?GetStudyUIDByInstanceUID@CDBController@@QAEHPBGAAVCString@@@Z 00425d30 f   DBController.obj
 0001:00024e90       ?GetMPPSStatusByStudyInstanceUID@CDBController@@QAEHPBGPAW4_WorkListStatus@@@Z 00425e90 f   DBController.obj
 0001:00025180       ?AddPatientRecordToDB@CDBController@@QAEHPAUPatientInfoStruct@@@Z 00426180 f   DBController.obj
 0001:00025220       ?AddStudyRecordToDB@CDBController@@QAEHPAUStudyInfoStruct@@@Z 00426220 f   DBController.obj
 0001:000252c0       ?AddSeriesRecordToDB@CDBController@@QAEHPAUSeriesInfoStruct@@@Z 004262c0 f   DBController.obj
 0001:00025360       ?AddImageRecordToDB@CDBController@@QAEHPAUImageInfoStruct@@@Z 00426360 f   DBController.obj
 0001:00025400       ?SetPostProcessingInfo@CDBController@@QAEHPAUPostProcessingInfo@@@Z 00426400 f   DBController.obj
 0001:000254a0       ?DeletePatientRecordFromDB@CDBController@@QAEHPBG@Z 004264a0 f   DBController.obj
 0001:000255a0       ?DeleteStudyRecordFromDB@CDBController@@QAEHPBG@Z 004265a0 f   DBController.obj
 0001:000256a0       ?DeleteSeriesRecordFromDB@CDBController@@QAEHPBG@Z 004266a0 f   DBController.obj
 0001:000257b0       ?DeleteImageRecordFromDB@CDBController@@QAEHPBG@Z 004267b0 f   DBController.obj
 0001:000258c0       ?ModifyStudyInfo@CDBController@@QAEHPAUStudyInfoStruct@@@Z 004268c0 f   DBController.obj
 0001:00025a50       ?ModifyPatientInfo@CDBController@@QAEHPAUPatientInfoStruct@@@Z 00426a50 f   DBController.obj
 0001:00025be0       ?GetCurrentStudyUID@CDBController@@QAEHAAVCString@@@Z 00426be0 f   DBController.obj
 0001:00025d70       ?GetNextSeriesIDInStudy@CDBController@@QAEHPBGPAH@Z 00426d70 f   DBController.obj
 0001:00025e80       ?UpdatePatientID@CDBController@@QAEHAAVCString@@@Z 00426e80 f   DBController.obj
 0001:00026050       ?SetStudyMPPSStatus@CDBController@@QAEHPBGW4_MPPS_STATE@@@Z 00427050 f   DBController.obj
 0001:000261e0       ?push_back@?$vector@UPatientInfoStruct@@V?$allocator@UPatientInfoStruct@@@std@@@std@@QAEXABUPatientInfoStruct@@@Z 004271e0 f i DBController.obj
 0001:00026240       ?push_back@?$vector@UStudyInfoStruct@@V?$allocator@UStudyInfoStruct@@@std@@@std@@QAEXABUStudyInfoStruct@@@Z 00427240 f i DBController.obj
 0001:000262a0       ?push_back@?$vector@USeriesInfoStruct@@V?$allocator@USeriesInfoStruct@@@std@@@std@@QAEXABUSeriesInfoStruct@@@Z 004272a0 f i DBController.obj
 0001:00026300       ?push_back@?$vector@UImageInfoStruct@@V?$allocator@UImageInfoStruct@@@std@@@std@@QAEXABUImageInfoStruct@@@Z 00427300 f i DBController.obj
 0001:00026360       ?push_back@?$vector@UPostProcessingInfo@@V?$allocator@UPostProcessingInfo@@@std@@@std@@QAEXABUPostProcessingInfo@@@Z 00427360 f i DBController.obj
 0001:000263c0       ??A?$vector@VCString@@V?$allocator@VCString@@@std@@@std@@QAEAAVCString@@I@Z 004273c0 f i DBController.obj
 0001:00026410       ?end@?$vector@UPatientInfoStruct@@V?$allocator@UPatientInfoStruct@@@std@@@std@@QAEPAUPatientInfoStruct@@XZ 00427410 f i DBController.obj
 0001:00026450       ?insert@?$vector@UPatientInfoStruct@@V?$allocator@UPatientInfoStruct@@@std@@@std@@QAEPAUPatientInfoStruct@@PAU3@ABU3@@Z 00427450 f i DBController.obj
 0001:000264e0       ?end@?$vector@UStudyInfoStruct@@V?$allocator@UStudyInfoStruct@@@std@@@std@@QAEPAUStudyInfoStruct@@XZ 004274e0 f i DBController.obj
 0001:00026520       ?insert@?$vector@UStudyInfoStruct@@V?$allocator@UStudyInfoStruct@@@std@@@std@@QAEPAUStudyInfoStruct@@PAU3@ABU3@@Z 00427520 f i DBController.obj
 0001:000265b0       ?end@?$vector@USeriesInfoStruct@@V?$allocator@USeriesInfoStruct@@@std@@@std@@QAEPAUSeriesInfoStruct@@XZ 004275b0 f i DBController.obj
 0001:000265f0       ?insert@?$vector@USeriesInfoStruct@@V?$allocator@USeriesInfoStruct@@@std@@@std@@QAEPAUSeriesInfoStruct@@PAU3@ABU3@@Z 004275f0 f i DBController.obj
 0001:00026680       ?end@?$vector@UImageInfoStruct@@V?$allocator@UImageInfoStruct@@@std@@@std@@QAEPAUImageInfoStruct@@XZ 00427680 f i DBController.obj
 0001:000266c0       ?insert@?$vector@UImageInfoStruct@@V?$allocator@UImageInfoStruct@@@std@@@std@@QAEPAUImageInfoStruct@@PAU3@ABU3@@Z 004276c0 f i DBController.obj
 0001:00026750       ?end@?$vector@UPostProcessingInfo@@V?$allocator@UPostProcessingInfo@@@std@@@std@@QAEPAUPostProcessingInfo@@XZ 00427750 f i DBController.obj
 0001:00026790       ?insert@?$vector@UPostProcessingInfo@@V?$allocator@UPostProcessingInfo@@@std@@@std@@QAEPAUPostProcessingInfo@@PAU3@ABU3@@Z 00427790 f i DBController.obj
 0001:00026820       ?begin@?$vector@VCString@@V?$allocator@VCString@@@std@@@std@@QAEPAVCString@@XZ 00427820 f i DBController.obj
 0001:00026860       ?insert@?$vector@UPatientInfoStruct@@V?$allocator@UPatientInfoStruct@@@std@@@std@@QAEXPAUPatientInfoStruct@@IABU3@@Z 00427860 f i DBController.obj
 0001:00026b60       ?insert@?$vector@UStudyInfoStruct@@V?$allocator@UStudyInfoStruct@@@std@@@std@@QAEXPAUStudyInfoStruct@@IABU3@@Z 00427b60 f i DBController.obj
 0001:00026e60       ?insert@?$vector@USeriesInfoStruct@@V?$allocator@USeriesInfoStruct@@@std@@@std@@QAEXPAUSeriesInfoStruct@@IABU3@@Z 00427e60 f i DBController.obj
 0001:00027160       ?insert@?$vector@UImageInfoStruct@@V?$allocator@UImageInfoStruct@@@std@@@std@@QAEXPAUImageInfoStruct@@IABU3@@Z 00428160 f i DBController.obj
 0001:00027480       ?insert@?$vector@UPostProcessingInfo@@V?$allocator@UPostProcessingInfo@@@std@@@std@@QAEXPAUPostProcessingInfo@@IABU3@@Z 00428480 f i DBController.obj
 0001:000277a0       ?_Destroy@?$vector@UPatientInfoStruct@@V?$allocator@UPatientInfoStruct@@@std@@@std@@IAEXPAUPatientInfoStruct@@0@Z 004287a0 f i DBController.obj
 0001:00027810       ?_Ucopy@?$vector@UPatientInfoStruct@@V?$allocator@UPatientInfoStruct@@@std@@@std@@IAEPAUPatientInfoStruct@@PBU3@0PAU3@@Z 00428810 f i DBController.obj
 0001:00027890       ?_Ufill@?$vector@UPatientInfoStruct@@V?$allocator@UPatientInfoStruct@@@std@@@std@@IAEXPAUPatientInfoStruct@@IABU3@@Z 00428890 f i DBController.obj
 0001:00027910       ?allocate@?$allocator@UPatientInfoStruct@@@std@@QAEPAUPatientInfoStruct@@IPBX@Z 00428910 f i DBController.obj
 0001:00027960       ?deallocate@?$allocator@UPatientInfoStruct@@@std@@QAEXPAXI@Z 00428960 f i DBController.obj
 0001:000279b0       ?_Destroy@?$vector@UStudyInfoStruct@@V?$allocator@UStudyInfoStruct@@@std@@@std@@IAEXPAUStudyInfoStruct@@0@Z 004289b0 f i DBController.obj
 0001:00027a20       ?_Ucopy@?$vector@UStudyInfoStruct@@V?$allocator@UStudyInfoStruct@@@std@@@std@@IAEPAUStudyInfoStruct@@PBU3@0PAU3@@Z 00428a20 f i DBController.obj
 0001:00027aa0       ?_Ufill@?$vector@UStudyInfoStruct@@V?$allocator@UStudyInfoStruct@@@std@@@std@@IAEXPAUStudyInfoStruct@@IABU3@@Z 00428aa0 f i DBController.obj
 0001:00027b20       ?allocate@?$allocator@UStudyInfoStruct@@@std@@QAEPAUStudyInfoStruct@@IPBX@Z 00428b20 f i DBController.obj
 0001:00027b70       ?deallocate@?$allocator@UStudyInfoStruct@@@std@@QAEXPAXI@Z 00428b70 f i DBController.obj
 0001:00027bc0       ?_Destroy@?$vector@USeriesInfoStruct@@V?$allocator@USeriesInfoStruct@@@std@@@std@@IAEXPAUSeriesInfoStruct@@0@Z 00428bc0 f i DBController.obj
 0001:00027c30       ?_Ucopy@?$vector@USeriesInfoStruct@@V?$allocator@USeriesInfoStruct@@@std@@@std@@IAEPAUSeriesInfoStruct@@PBU3@0PAU3@@Z 00428c30 f i DBController.obj
 0001:00027cb0       ?_Ufill@?$vector@USeriesInfoStruct@@V?$allocator@USeriesInfoStruct@@@std@@@std@@IAEXPAUSeriesInfoStruct@@IABU3@@Z 00428cb0 f i DBController.obj
 0001:00027d30       ?allocate@?$allocator@USeriesInfoStruct@@@std@@QAEPAUSeriesInfoStruct@@IPBX@Z 00428d30 f i DBController.obj
 0001:00027d80       ?deallocate@?$allocator@USeriesInfoStruct@@@std@@QAEXPAXI@Z 00428d80 f i DBController.obj
 0001:00027dd0       ?_Destroy@?$vector@UImageInfoStruct@@V?$allocator@UImageInfoStruct@@@std@@@std@@IAEXPAUImageInfoStruct@@0@Z 00428dd0 f i DBController.obj
 0001:00027e40       ?_Ucopy@?$vector@UImageInfoStruct@@V?$allocator@UImageInfoStruct@@@std@@@std@@IAEPAUImageInfoStruct@@PBU3@0PAU3@@Z 00428e40 f i DBController.obj
 0001:00027ec0       ?_Ufill@?$vector@UImageInfoStruct@@V?$allocator@UImageInfoStruct@@@std@@@std@@IAEXPAUImageInfoStruct@@IABU3@@Z 00428ec0 f i DBController.obj
 0001:00027f40       ?allocate@?$allocator@UImageInfoStruct@@@std@@QAEPAUImageInfoStruct@@IPBX@Z 00428f40 f i DBController.obj
 0001:00027f90       ?deallocate@?$allocator@UImageInfoStruct@@@std@@QAEXPAXI@Z 00428f90 f i DBController.obj
 0001:00027fe0       ?_Destroy@?$vector@UPostProcessingInfo@@V?$allocator@UPostProcessingInfo@@@std@@@std@@IAEXPAUPostProcessingInfo@@0@Z 00428fe0 f i DBController.obj
 0001:00028050       ?_Ucopy@?$vector@UPostProcessingInfo@@V?$allocator@UPostProcessingInfo@@@std@@@std@@IAEPAUPostProcessingInfo@@PBU3@0PAU3@@Z 00429050 f i DBController.obj
 0001:000280d0       ?_Ufill@?$vector@UPostProcessingInfo@@V?$allocator@UPostProcessingInfo@@@std@@@std@@IAEXPAUPostProcessingInfo@@IABU3@@Z 004290d0 f i DBController.obj
 0001:00028150       ?allocate@?$allocator@UPostProcessingInfo@@@std@@QAEPAUPostProcessingInfo@@IPBX@Z 00429150 f i DBController.obj
 0001:000281a0       ?deallocate@?$allocator@UPostProcessingInfo@@@std@@QAEXPAXI@Z 004291a0 f i DBController.obj
 0001:000281f0       ?construct@?$allocator@UPatientInfoStruct@@@std@@QAEXPAUPatientInfoStruct@@ABU3@@Z 004291f0 f i DBController.obj
 0001:00028240       ?destroy@?$allocator@UPatientInfoStruct@@@std@@QAEXPAUPatientInfoStruct@@@Z 00429240 f i DBController.obj
 0001:00028290       ?construct@?$allocator@UStudyInfoStruct@@@std@@QAEXPAUStudyInfoStruct@@ABU3@@Z 00429290 f i DBController.obj
 0001:000282e0       ?destroy@?$allocator@UStudyInfoStruct@@@std@@QAEXPAUStudyInfoStruct@@@Z 004292e0 f i DBController.obj
 0001:00028330       ?construct@?$allocator@USeriesInfoStruct@@@std@@QAEXPAUSeriesInfoStruct@@ABU3@@Z 00429330 f i DBController.obj
 0001:00028380       ?destroy@?$allocator@USeriesInfoStruct@@@std@@QAEXPAUSeriesInfoStruct@@@Z 00429380 f i DBController.obj
 0001:000283d0       ?construct@?$allocator@UImageInfoStruct@@@std@@QAEXPAUImageInfoStruct@@ABU3@@Z 004293d0 f i DBController.obj
 0001:00028420       ?destroy@?$allocator@UImageInfoStruct@@@std@@QAEXPAUImageInfoStruct@@@Z 00429420 f i DBController.obj
 0001:00028470       ?construct@?$allocator@UPostProcessingInfo@@@std@@QAEXPAUPostProcessingInfo@@ABU3@@Z 00429470 f i DBController.obj
 0001:000284c0       ?destroy@?$allocator@UPostProcessingInfo@@@std@@QAEXPAUPostProcessingInfo@@@Z 004294c0 f i DBController.obj
 0001:00028510       ?fill@std@@YAXPAUPatientInfoStruct@@0ABU2@@Z 00429510 f i DBController.obj
 0001:00028570       ?copy_backward@std@@YAPAUPatientInfoStruct@@PAU2@00@Z 00429570 f i DBController.obj
 0001:000285d0       ?fill@std@@YAXPAUStudyInfoStruct@@0ABU2@@Z 004295d0 f i DBController.obj
 0001:00028630       ?copy_backward@std@@YAPAUStudyInfoStruct@@PAU2@00@Z 00429630 f i DBController.obj
 0001:00028690       ?fill@std@@YAXPAUSeriesInfoStruct@@0ABU2@@Z 00429690 f i DBController.obj
 0001:000286f0       ?copy_backward@std@@YAPAUSeriesInfoStruct@@PAU2@00@Z 004296f0 f i DBController.obj
 0001:00028750       ?fill@std@@YAXPAUImageInfoStruct@@0ABU2@@Z 00429750 f i DBController.obj
 0001:000287b0       ?copy_backward@std@@YAPAUImageInfoStruct@@PAU2@00@Z 004297b0 f i DBController.obj
 0001:00028820       ?fill@std@@YAXPAUPostProcessingInfo@@0ABU2@@Z 00429820 f i DBController.obj
 0001:00028880       ?copy_backward@std@@YAPAUPostProcessingInfo@@PAU2@00@Z 00429880 f i DBController.obj
 0001:000288f0       ?_Allocate@std@@YAPAUPatientInfoStruct@@HPAU2@@Z 004298f0 f i DBController.obj
 0001:00028950       ?_Allocate@std@@YAPAUStudyInfoStruct@@HPAU2@@Z 00429950 f i DBController.obj
 0001:000289b0       ?_Allocate@std@@YAPAUSeriesInfoStruct@@HPAU2@@Z 004299b0 f i DBController.obj
 0001:00028a10       ?_Allocate@std@@YAPAUImageInfoStruct@@HPAU2@@Z 00429a10 f i DBController.obj
 0001:00028a70       ?_Allocate@std@@YAPAUPostProcessingInfo@@HPAU2@@Z 00429a70 f i DBController.obj
 0001:00028ad0       ?_Construct@std@@YAXPAUPatientInfoStruct@@ABU2@@Z 00429ad0 f i DBController.obj
 0001:00028b50       ?_Destroy@std@@YAXPAUPatientInfoStruct@@@Z 00429b50 f i DBController.obj
 0001:00028b80       ?_Construct@std@@YAXPAUStudyInfoStruct@@ABU2@@Z 00429b80 f i DBController.obj
 0001:00028c00       ?_Destroy@std@@YAXPAUStudyInfoStruct@@@Z 00429c00 f i DBController.obj
 0001:00028c30       ?_Construct@std@@YAXPAUSeriesInfoStruct@@ABU2@@Z 00429c30 f i DBController.obj
 0001:00028cb0       ?_Destroy@std@@YAXPAUSeriesInfoStruct@@@Z 00429cb0 f i DBController.obj
 0001:00028ce0       ?_Construct@std@@YAXPAUImageInfoStruct@@ABU2@@Z 00429ce0 f i DBController.obj
 0001:00028d60       ?_Destroy@std@@YAXPAUImageInfoStruct@@@Z 00429d60 f i DBController.obj
 0001:00028d90       ?_Construct@std@@YAXPAUPostProcessingInfo@@ABU2@@Z 00429d90 f i DBController.obj
 0001:00028e10       ?_Destroy@std@@YAXPAUPostProcessingInfo@@@Z 00429e10 f i DBController.obj
 0001:00028e40       ??0DBDatabaseBasisOpt@@QAE@XZ 00429e40 f   DBDatabaseBasisOpt.obj
 0001:00028f10       ??_GDBDatabaseBasisOpt@@UAEPAXI@Z 00429f10 f i DBDatabaseBasisOpt.obj
 0001:00028f10       ??_EDBDatabaseBasisOpt@@UAEPAXI@Z 00429f10 f i DBDatabaseBasisOpt.obj
 0001:00028f80       ??1DBDatabaseBasisOpt@@UAE@XZ 00429f80 f   DBDatabaseBasisOpt.obj
 0001:00029030       ?OpenDB@DBDatabaseBasisOpt@@QAEHPAVCADODatabase@@VCString@@1H@Z 0042a030 f   DBDatabaseBasisOpt.obj
 0001:00029340       ?CloseDB@DBDatabaseBasisOpt@@QAEXPAVCADODatabase@@@Z 0042a340 f   DBDatabaseBasisOpt.obj
 0001:000293a0       ?QueryLoadRecord@DBDatabaseBasisOpt@@QAEHPAVCADODatabase@@ABV?$vector@VCString@@V?$allocator@VCString@@@std@@@std@@VCString@@AAV?$vector@PAV?$vector@V_variant_t@@V?$allocator@V_variant_t@@@std@@@std@@V?$allocator@PAV?$vector@V_variant_t@@V?$allocator@V_variant_t@@@std@@@std@@@2@@4@@Z 0042a3a0 f   DBDatabaseBasisOpt.obj
 0001:00029bb0       ??_GCADORecordset@@QAEPAXI@Z 0042abb0 f i DBDatabaseBasisOpt.obj
 0001:00029c20       ?QueryTableRecord@DBDatabaseBasisOpt@@QAEHPAVCADODatabase@@ABV?$vector@VCString@@V?$allocator@VCString@@@std@@@std@@1VCString@@AAV?$vector@PAV?$vector@V_variant_t@@V?$allocator@V_variant_t@@@std@@@std@@V?$allocator@PAV?$vector@V_variant_t@@V?$allocator@V_variant_t@@@std@@@std@@@2@@4@@Z 0042ac20 f   DBDatabaseBasisOpt.obj
 0001:0002a420       ?HandleError@DBDatabaseBasisOpt@@QAEXAAVCDBException@@@Z 0042b420 f   DBDatabaseBasisOpt.obj
 0001:0002a520       ?AddRecord@DBDatabaseBasisOpt@@QAEHPAVCADODatabase@@ABV?$vector@VCString@@V?$allocator@VCString@@@std@@@std@@VCString@@AAV?$vector@V_variant_t@@V?$allocator@V_variant_t@@@std@@@4@@Z 0042b520 f   DBDatabaseBasisOpt.obj
 0001:0002aba0       ?ModifyRecord@DBDatabaseBasisOpt@@QAEHPAVCADODatabase@@ABV?$vector@VCString@@V?$allocator@VCString@@@std@@@std@@VCString@@AAV?$vector@V_variant_t@@V?$allocator@V_variant_t@@@std@@@4@@Z 0042bba0 f   DBDatabaseBasisOpt.obj
 0001:0002b270       ?DeleteRecord@DBDatabaseBasisOpt@@QAEHPAVCADODatabase@@VCString@@@Z 0042c270 f   DBDatabaseBasisOpt.obj
 0001:0002b370       ?AddAutoIDRecord@DBDatabaseBasisOpt@@QAE?AV_variant_t@@PAVCADODatabase@@ABV?$vector@VCString@@V?$allocator@VCString@@@std@@@std@@VCString@@2AAV?$vector@V_variant_t@@V?$allocator@V_variant_t@@@std@@@5@@Z 0042c370 f   DBDatabaseBasisOpt.obj
 0001:0002bb70       ?GetRecordCount@DBDatabaseBasisOpt@@QAEHPAVCADODatabase@@VCString@@@Z 0042cb70 f   DBDatabaseBasisOpt.obj
 0001:0002bd70       ?GetFieldValue@DBDatabaseBasisOpt@@QAE?AV_variant_t@@PAVCADODatabase@@VCString@@1@Z 0042cd70 f   DBDatabaseBasisOpt.obj
 0001:0002c060       ?ReleaseResult@DBDatabaseBasisOpt@@QAEXAAV?$vector@PAV?$vector@V_variant_t@@V?$allocator@V_variant_t@@@std@@@std@@V?$allocator@PAV?$vector@V_variant_t@@V?$allocator@V_variant_t@@@std@@@std@@@2@@std@@@Z 0042d060 f   DBDatabaseBasisOpt.obj
 0001:0002c140       ??_G?$vector@V_variant_t@@V?$allocator@V_variant_t@@@std@@@std@@QAEPAXI@Z 0042d140 f i DBDatabaseBasisOpt.obj
 0001:0002c1b0       ?QueryLoadRecordByFieldIndex@DBDatabaseBasisOpt@@QAEHPAVCADODatabase@@ABV?$vector@VCString@@V?$allocator@VCString@@@std@@@std@@VCString@@AAV?$vector@PAV?$vector@V_variant_t@@V?$allocator@V_variant_t@@@std@@@std@@V?$allocator@PAV?$vector@V_variant_t@@V?$allocator@V_variant_t@@@std@@@std@@@2@@4@@Z 0042d1b0 f   DBDatabaseBasisOpt.obj
 0001:0002c7b0       ?QueryLoadRecordBySQL@DBDatabaseBasisOpt@@QAEHPAVCADODatabase@@IABVCString@@AAV?$vector@PAV?$vector@V_variant_t@@V?$allocator@V_variant_t@@@std@@@std@@V?$allocator@PAV?$vector@V_variant_t@@V?$allocator@V_variant_t@@@std@@@std@@@2@@std@@@Z 0042d7b0 f   DBDatabaseBasisOpt.obj
 0001:0002cb30       ??0CObject@@IAE@XZ         0042db30 f i DBDatabaseBasisOpt.obj
 0001:0002cb70       ??_ECObject@@UAEPAXI@Z     0042db70 f i DBDatabaseBasisOpt.obj
 0001:0002cb70       ??_GCObject@@UAEPAXI@Z     0042db70 f i DBDatabaseBasisOpt.obj
 0001:0002cbe0       ??1CObject@@UAE@XZ         0042dbe0 f i DBDatabaseBasisOpt.obj
 0001:0002cc20       ??A?$vector@VCString@@V?$allocator@VCString@@@std@@@std@@QBEABVCString@@I@Z 0042dc20 f i DBDatabaseBasisOpt.obj
 0001:0002cc70       ??0?$vector@V_variant_t@@V?$allocator@V_variant_t@@@std@@@std@@QAE@ABV?$allocator@V_variant_t@@@1@@Z 0042dc70 f i DBDatabaseBasisOpt.obj
 0001:0002cce0       ??1?$vector@V_variant_t@@V?$allocator@V_variant_t@@@std@@@std@@QAE@XZ 0042dce0 f i DBDatabaseBasisOpt.obj
 0001:0002cd90       ??A?$vector@V_variant_t@@V?$allocator@V_variant_t@@@std@@@std@@QAEAAV_variant_t@@I@Z 0042dd90 f i DBDatabaseBasisOpt.obj
 0001:0002cde0       ?push_back@?$vector@V_variant_t@@V?$allocator@V_variant_t@@@std@@@std@@QAEXABV_variant_t@@@Z 0042dde0 f i DBDatabaseBasisOpt.obj
 0001:0002ce40       ?size@?$vector@PAV?$vector@V_variant_t@@V?$allocator@V_variant_t@@@std@@@std@@V?$allocator@PAV?$vector@V_variant_t@@V?$allocator@V_variant_t@@@std@@@std@@@2@@std@@QBEIXZ 0042de40 f i DBDatabaseBasisOpt.obj
 0001:0002cea0       ??A?$vector@PAV?$vector@V_variant_t@@V?$allocator@V_variant_t@@@std@@@std@@V?$allocator@PAV?$vector@V_variant_t@@V?$allocator@V_variant_t@@@std@@@std@@@2@@std@@QAEAAPAV?$vector@V_variant_t@@V?$allocator@V_variant_t@@@std@@@1@I@Z 0042dea0 f i DBDatabaseBasisOpt.obj
 0001:0002cef0       ?push_back@?$vector@PAV?$vector@V_variant_t@@V?$allocator@V_variant_t@@@std@@@std@@V?$allocator@PAV?$vector@V_variant_t@@V?$allocator@V_variant_t@@@std@@@std@@@2@@std@@QAEXABQAV?$vector@V_variant_t@@V?$allocator@V_variant_t@@@std@@@2@@Z 0042def0 f i DBDatabaseBasisOpt.obj
 0001:0002cf50       ?clear@?$vector@PAV?$vector@V_variant_t@@V?$allocator@V_variant_t@@@std@@@std@@V?$allocator@PAV?$vector@V_variant_t@@V?$allocator@V_variant_t@@@std@@@std@@@2@@std@@QAEXXZ 0042df50 f i DBDatabaseBasisOpt.obj
 0001:0002cfb0       ?begin@?$vector@V_variant_t@@V?$allocator@V_variant_t@@@std@@@std@@QAEPAV_variant_t@@XZ 0042dfb0 f i DBDatabaseBasisOpt.obj
 0001:0002cff0       ?end@?$vector@V_variant_t@@V?$allocator@V_variant_t@@@std@@@std@@QAEPAV_variant_t@@XZ 0042dff0 f i DBDatabaseBasisOpt.obj
 0001:0002d030       ?insert@?$vector@V_variant_t@@V?$allocator@V_variant_t@@@std@@@std@@QAEPAV_variant_t@@PAV3@ABV3@@Z 0042e030 f i DBDatabaseBasisOpt.obj
 0001:0002d0b0       ?_Destroy@?$vector@V_variant_t@@V?$allocator@V_variant_t@@@std@@@std@@IAEXPAV_variant_t@@0@Z 0042e0b0 f i DBDatabaseBasisOpt.obj
 0001:0002d120       ?deallocate@?$allocator@V_variant_t@@@std@@QAEXPAXI@Z 0042e120 f i DBDatabaseBasisOpt.obj
 0001:0002d170       ?begin@?$vector@PAV?$vector@V_variant_t@@V?$allocator@V_variant_t@@@std@@@std@@V?$allocator@PAV?$vector@V_variant_t@@V?$allocator@V_variant_t@@@std@@@std@@@2@@std@@QAEPAPAV?$vector@V_variant_t@@V?$allocator@V_variant_t@@@std@@@2@XZ 0042e170 f i DBDatabaseBasisOpt.obj
 0001:0002d1b0       ?end@?$vector@PAV?$vector@V_variant_t@@V?$allocator@V_variant_t@@@std@@@std@@V?$allocator@PAV?$vector@V_variant_t@@V?$allocator@V_variant_t@@@std@@@std@@@2@@std@@QAEPAPAV?$vector@V_variant_t@@V?$allocator@V_variant_t@@@std@@@2@XZ 0042e1b0 f i DBDatabaseBasisOpt.obj
 0001:0002d1f0       ?insert@?$vector@PAV?$vector@V_variant_t@@V?$allocator@V_variant_t@@@std@@@std@@V?$allocator@PAV?$vector@V_variant_t@@V?$allocator@V_variant_t@@@std@@@std@@@2@@std@@QAEPAPAV?$vector@V_variant_t@@V?$allocator@V_variant_t@@@std@@@2@PAPAV32@ABQAV32@@Z 0042e1f0 f i DBDatabaseBasisOpt.obj
 0001:0002d270       ?erase@?$vector@PAV?$vector@V_variant_t@@V?$allocator@V_variant_t@@@std@@@std@@V?$allocator@PAV?$vector@V_variant_t@@V?$allocator@V_variant_t@@@std@@@std@@@2@@std@@QAEPAPAV?$vector@V_variant_t@@V?$allocator@V_variant_t@@@std@@@2@PAPAV32@0@Z 0042e270 f i DBDatabaseBasisOpt.obj
 0001:0002d300       ?insert@?$vector@V_variant_t@@V?$allocator@V_variant_t@@@std@@@std@@QAEXPAV_variant_t@@IABV3@@Z 0042e300 f i DBDatabaseBasisOpt.obj
 0001:0002d5e0       ?destroy@?$allocator@V_variant_t@@@std@@QAEXPAV_variant_t@@@Z 0042e5e0 f i DBDatabaseBasisOpt.obj
 0001:0002d630       ?insert@?$vector@PAV?$vector@V_variant_t@@V?$allocator@V_variant_t@@@std@@@std@@V?$allocator@PAV?$vector@V_variant_t@@V?$allocator@V_variant_t@@@std@@@std@@@2@@std@@QAEXPAPAV?$vector@V_variant_t@@V?$allocator@V_variant_t@@@std@@@2@IABQAV32@@Z 0042e630 f i DBDatabaseBasisOpt.obj
 0001:0002d900       ?_Destroy@?$vector@PAV?$vector@V_variant_t@@V?$allocator@V_variant_t@@@std@@@std@@V?$allocator@PAV?$vector@V_variant_t@@V?$allocator@V_variant_t@@@std@@@std@@@2@@std@@IAEXPAPAV?$vector@V_variant_t@@V?$allocator@V_variant_t@@@std@@@2@0@Z 0042e900 f i DBDatabaseBasisOpt.obj
 0001:0002d970       ?size@?$vector@V_variant_t@@V?$allocator@V_variant_t@@@std@@@std@@QBEIXZ 0042e970 f i DBDatabaseBasisOpt.obj
 0001:0002d9d0       ?_Ucopy@?$vector@V_variant_t@@V?$allocator@V_variant_t@@@std@@@std@@IAEPAV_variant_t@@PBV3@0PAV3@@Z 0042e9d0 f i DBDatabaseBasisOpt.obj
 0001:0002da50       ?_Ufill@?$vector@V_variant_t@@V?$allocator@V_variant_t@@@std@@@std@@IAEXPAV_variant_t@@IABV3@@Z 0042ea50 f i DBDatabaseBasisOpt.obj
 0001:0002dad0       ?allocate@?$allocator@V_variant_t@@@std@@QAEPAV_variant_t@@IPBX@Z 0042ead0 f i DBDatabaseBasisOpt.obj
 0001:0002db20       ?_Ucopy@?$vector@PAV?$vector@V_variant_t@@V?$allocator@V_variant_t@@@std@@@std@@V?$allocator@PAV?$vector@V_variant_t@@V?$allocator@V_variant_t@@@std@@@std@@@2@@std@@IAEPAPAV?$vector@V_variant_t@@V?$allocator@V_variant_t@@@std@@@2@PBQAV32@0PAPAV32@@Z 0042eb20 f i DBDatabaseBasisOpt.obj
 0001:0002dba0       ?_Ufill@?$vector@PAV?$vector@V_variant_t@@V?$allocator@V_variant_t@@@std@@@std@@V?$allocator@PAV?$vector@V_variant_t@@V?$allocator@V_variant_t@@@std@@@std@@@2@@std@@IAEXPAPAV?$vector@V_variant_t@@V?$allocator@V_variant_t@@@std@@@2@IABQAV32@@Z 0042eba0 f i DBDatabaseBasisOpt.obj
 0001:0002dc20       ?allocate@?$allocator@PAV?$vector@V_variant_t@@V?$allocator@V_variant_t@@@std@@@std@@@std@@QAEPAPAV?$vector@V_variant_t@@V?$allocator@V_variant_t@@@std@@@2@IPBX@Z 0042ec20 f i DBDatabaseBasisOpt.obj
 0001:0002dc70       ?deallocate@?$allocator@PAV?$vector@V_variant_t@@V?$allocator@V_variant_t@@@std@@@std@@@std@@QAEXPAXI@Z 0042ec70 f i DBDatabaseBasisOpt.obj
 0001:0002dcc0       ?destroy@?$allocator@PAV?$vector@V_variant_t@@V?$allocator@V_variant_t@@@std@@@std@@@std@@QAEXPAPAV?$vector@V_variant_t@@V?$allocator@V_variant_t@@@std@@@2@@Z 0042ecc0 f i DBDatabaseBasisOpt.obj
 0001:0002dd10       ?construct@?$allocator@V_variant_t@@@std@@QAEXPAV_variant_t@@ABV3@@Z 0042ed10 f i DBDatabaseBasisOpt.obj
 0001:0002dd60       ?construct@?$allocator@PAV?$vector@V_variant_t@@V?$allocator@V_variant_t@@@std@@@std@@@std@@QAEXPAPAV?$vector@V_variant_t@@V?$allocator@V_variant_t@@@std@@@2@ABQAV32@@Z 0042ed60 f i DBDatabaseBasisOpt.obj
 0001:0002ddb0       ?copy@std@@YAPAPAV?$vector@V_variant_t@@V?$allocator@V_variant_t@@@std@@@1@PAPAV21@00@Z 0042edb0 f i DBDatabaseBasisOpt.obj
 0001:0002de10       ?fill@std@@YAXPAV_variant_t@@0ABV2@@Z 0042ee10 f i DBDatabaseBasisOpt.obj
 0001:0002de70       ?copy_backward@std@@YAPAV_variant_t@@PAV2@00@Z 0042ee70 f i DBDatabaseBasisOpt.obj
 0001:0002dee0       ?_Destroy@std@@YAXPAV_variant_t@@@Z 0042eee0 f i DBDatabaseBasisOpt.obj
 0001:0002df20       ?fill@std@@YAXPAPAV?$vector@V_variant_t@@V?$allocator@V_variant_t@@@std@@@1@0ABQAV21@@Z 0042ef20 f i DBDatabaseBasisOpt.obj
 0001:0002df70       ?copy_backward@std@@YAPAPAV?$vector@V_variant_t@@V?$allocator@V_variant_t@@@std@@@1@PAPAV21@00@Z 0042ef70 f i DBDatabaseBasisOpt.obj
 0001:0002dfd0       ?_Allocate@std@@YAPAV_variant_t@@HPAV2@@Z 0042efd0 f i DBDatabaseBasisOpt.obj
 0001:0002e030       ?_Allocate@std@@YAPAPAV?$vector@V_variant_t@@V?$allocator@V_variant_t@@@std@@@1@HPAPAV21@@Z 0042f030 f i DBDatabaseBasisOpt.obj
 0001:0002e090       ?_Destroy@std@@YAXPAPAV?$vector@V_variant_t@@V?$allocator@V_variant_t@@@std@@@1@@Z 0042f090 f i DBDatabaseBasisOpt.obj
 0001:0002e0c0       ?_Construct@std@@YAXPAV_variant_t@@ABV2@@Z 0042f0c0 f i DBDatabaseBasisOpt.obj
 0001:0002e170       ?_Construct@std@@YAXPAPAV?$vector@V_variant_t@@V?$allocator@V_variant_t@@@std@@@1@ABQAV21@@Z 0042f170 f i DBDatabaseBasisOpt.obj
 0001:0002e1e0       ??_G_variant_t@@QAEPAXI@Z  0042f1e0 f i DBDatabaseBasisOpt.obj
[...]
 0004:0000094c       __imp_?SetDcmTrasferTimeout@CStoreSCUOpt@@QAEXQBG@Z 0055794c     DcmProc:DcmProc.dll
 0004:00000950       __imp_?GetTransferTimeOut@CDcmUIDGen@@QAEPBGXZ 00557950     DcmProc:DcmProc.dll
 0004:00000954       __imp_?SetDcmTrasferImpVersionName@CStoreSCUOpt@@QAEXQBG@Z 00557954     DcmProc:DcmProc.dll
 0004:00000958       __imp_?GetImplementationVersionName@CDcmUIDGen@@QAEPBGXZ 00557958     DcmProc:DcmProc.dll
 0004:0000095c       __imp_?SetDcmTrasferImpClassUID@CStoreSCUOpt@@QAEXQBG@Z 0055795c     DcmProc:DcmProc.dll
 0004:00000960       __imp_?StoreFile@CStoreSCUOpt@@QAEHQBG@Z 00557960     DcmProc:DcmProc.dll
 0004:00000964       __imp_?Disconnect@CStoreSCUOpt@@QAEHXZ 00557964     DcmProc:DcmProc.dll
 0004:00000968       __imp_?Connect@CStoreSCUOpt@@QAEHH@Z 00557968     DcmProc:DcmProc.dll
 0004:0000096c       __imp_?SetDcmNetworkInfoStruct@CStoreSCUOpt@@QAEXPBUCVDcmNetworkInfoStruct@@@Z 0055796c     DcmProc:DcmProc.dll
 0004:00000970       __imp_??1CWorklistOpt@@UAE@XZ 00557970     DcmProc:DcmProc.dll
 0004:00000974       __imp_??0CWorklistOpt@@QAE@XZ 00557974     DcmProc:DcmProc.dll
 0004:00000978       __imp_?Query@CWorklistOpt@@QAEHPAV?$vector@UWLQueryItem@@V?$allocator@UWLQueryItem@@@std@@@std@@PAV?$vector@UWLQueryStruct@@V?$allocator@UWLQueryStruct@@@std@@@3@@Z 00557978     DcmProc:DcmProc.dll
 0004:0000097c       __imp_?SetServer@CWorklistOpt@@QAEXPBG000@Z 0055797c     DcmProc:DcmProc.dll
 0004:00000980       __imp_?NSet@CMppsOpt@@QAEHPAV?$vector@UWLQueryItem@@V?$allocator@UWLQueryItem@@@std@@@std@@PBG@Z 00557980     DcmProc:DcmProc.dll
 0004:00000984       __imp_?NCreate@CMppsOpt@@QAEHPAV?$vector@UWLQueryItem@@V?$allocator@UWLQueryItem@@@std@@@std@@PBG@Z 00557984     DcmProc:DcmProc.dll
 0004:00000988       __imp_?SetServer@CMppsOpt@@QAEXPBG000@Z 00557988     DcmProc:DcmProc.dll
 0004:0000098c       __imp_??0CMppsOpt@@QAE@XZ  0055798c     DcmProc:DcmProc.dll
 0004:00000990       __imp_?GenMppsSOPInstanceUID@CDcmUIDGen@@QAEPBGPBG@Z 00557990     DcmProc:DcmProc.dll
 0004:00000994       __imp_??1CMppsOpt@@UAE@XZ  00557994     DcmProc:DcmProc.dll
 0004:00000998       __imp_?GenStudyInstanceUID@CDcmUIDGen@@QAEPBGPBG@Z 00557998     DcmProc:DcmProc.dll
 0004:0000099c       __imp_?GenMPPSNSetSeriesInstanceUID@CDcmUIDGen@@QAEPBGPBG@Z 0055799c     DcmProc:DcmProc.dll
 0004:000009a0       __imp_?ConnectTest@CWorklistOpt@@QAEHXZ 005579a0     DcmProc:DcmProc.dll
 0004:000009a4       __imp_?ConnectTest@CMppsOpt@@QAEHXZ 005579a4     DcmProc:DcmProc.dll
 0004:000009a8       \177DcmProc_NULL_THUNK_DATA 005579a8     DcmProc:DcmProc.dll
 0004:000009fc       __imp__GetLastError@0      005579fc     kernel32:KERNEL32.dll
 0004:00000a00       __imp__GetTickCount@0      00557a00     kernel32:KERNEL32.dll
 0004:00000a04       __imp__CloseHandle@4       00557a04     kernel32:KERNEL32.dll
 0004:00000a08       __imp__CreateThread@24     00557a08     kernel32:KERNEL32.dll
 0004:00000a0c       __imp__WaitForSingleObject@8 00557a0c     kernel32:KERNEL32.dll
 0004:00000a10       __imp__GetLocalTime@4      00557a10     kernel32:KERNEL32.dll
 0004:00000a14       __imp__GetModuleFileNameW@12 00557a14     kernel32:KERNEL32.dll
 0004:00000a18       __imp__FindFirstFileW@8    00557a18     kernel32:KERNEL32.dll
 0004:00000a1c       __imp__FindClose@4         00557a1c     kernel32:KERNEL32.dll
 0004:00000a20       __imp__FormatMessageW@28   00557a20     kernel32:KERNEL32.dll
 0004:00000a24       __imp__lstrlenW@4          00557a24     kernel32:KERNEL32.dll
 0004:00000a28       __imp__LocalAlloc@8        00557a28     kernel32:KERNEL32.dll
 0004:00000a2c       __imp__FindNextFileW@8     00557a2c     kernel32:KERNEL32.dll
 0004:00000a30       __imp__InterlockedDecrement@4 00557a30     kernel32:KERNEL32.dll
 0004:00000a34       __imp__InterlockedIncrement@4 00557a34     kernel32:KERNEL32.dll
 0004:00000a38       __imp__LeaveCriticalSection@4 00557a38     kernel32:KERNEL32.dll
 0004:00000a3c       __imp__EnterCriticalSection@4 00557a3c     kernel32:KERNEL32.dll
 0004:00000a40       __imp__DeleteCriticalSection@4 00557a40     kernel32:KERNEL32.dll
 0004:00000a44       __imp__InitializeCriticalSection@4 00557a44     kernel32:KERNEL32.dll
 0004:00000a48       __imp__SetFileAttributesW@8 00557a48     kernel32:KERNEL32.dll
 0004:00000a4c       __imp__GetFileAttributesW@4 00557a4c     kernel32:KERNEL32.dll
 0004:00000a50       __imp__CopyFileW@12        00557a50     kernel32:KERNEL32.dll
 0004:00000a54       __imp__CreateDirectoryW@8  00557a54     kernel32:KERNEL32.dll
 0004:00000a58       __imp__GetDriveTypeW@4     00557a58     kernel32:KERNEL32.dll
 0004:00000a5c       __imp__RemoveDirectoryW@4  00557a5c     kernel32:KERNEL32.dll
 0004:00000a60       __imp__DeleteFileW@4       00557a60     kernel32:KERNEL32.dll
 0004:00000a64       __imp__GetPrivateProfileIntW@16 00557a64     kernel32:KERNEL32.dll
 0004:00000a68       __imp__GetLogicalDriveStringsW@8 00557a68     kernel32:KERNEL32.dll
 0004:00000a6c       __imp__TerminateThread@8   00557a6c     kernel32:KERNEL32.dll
 0004:00000a70       __imp__WaitForMultipleObjects@16 00557a70     kernel32:KERNEL32.dll
 0004:00000a74       __imp__CreateEventW@16     00557a74     kernel32:KERNEL32.dll
 0004:00000a78       __imp__SetEvent@4          00557a78     kernel32:KERNEL32.dll
 0004:00000a7c       __imp__Sleep@4             00557a7c     kernel32:KERNEL32.dll
 0004:00000a80       __imp__CreateProcessW@40   00557a80     kernel32:KERNEL32.dll
 0004:00000a84       __imp__Process32NextW@8    00557a84     kernel32:KERNEL32.dll
 0004:00000a88       __imp__TerminateProcess@8  00557a88     kernel32:KERNEL32.dll
 0004:00000a8c       __imp__OpenProcess@12      00557a8c     kernel32:KERNEL32.dll
 0004:00000a90       __imp__Process32FirstW@8   00557a90     kernel32:KERNEL32.dll
 0004:00000a94       __imp__CreateToolhelp32Snapshot@8 00557a94     kernel32:KERNEL32.dll
 0004:00000a98       __imp__WinExec@8           00557a98     kernel32:KERNEL32.dll
 0004:00000a9c       __imp__WideCharToMultiByte@32 00557a9c     kernel32:KERNEL32.dll
 0004:00000aa0       __imp__ResetEvent@4        00557aa0     kernel32:KERNEL32.dll
 0004:00000aa4       __imp__GetPrivateProfileStringW@24 00557aa4     kernel32:KERNEL32.dll
 0004:00000aa8       __imp__WritePrivateProfileStringW@16 00557aa8     kernel32:KERNEL32.dll
 0004:00000aac       __imp__lstrcmpiW@8         00557aac     kernel32:KERNEL32.dll
 0004:00000ab0       __imp__GetCurrentThreadId@0 00557ab0     kernel32:KERNEL32.dll
 0004:00000ab4       __imp__GetCommandLineW@0   00557ab4     kernel32:KERNEL32.dll
 0004:00000ab8       __imp__HeapDestroy@4       00557ab8     kernel32:KERNEL32.dll
 0004:00000abc       __imp__GetShortPathNameW@12 00557abc     kernel32:KERNEL32.dll
 0004:00000ac0       __imp__GetModuleHandleW@4  00557ac0     kernel32:KERNEL32.dll
 0004:00000ac4       __imp__FreeLibrary@4       00557ac4     kernel32:KERNEL32.dll
 0004:00000ac8       __imp__GetProcAddress@8    00557ac8     kernel32:KERNEL32.dll
 0004:00000acc       __imp__MultiByteToWideChar@24 00557acc     kernel32:KERNEL32.dll
 0004:00000ad0       __imp__lstrlenA@4          00557ad0     kernel32:KERNEL32.dll
 0004:00000ad4       __imp__LocalFree@4         00557ad4     kernel32:KERNEL32.dll
 0004:00000ad8       __imp__GetStartupInfoW@4   00557ad8     kernel32:KERNEL32.dll
 0004:00000adc       __imp__GetDiskFreeSpaceExW@16 00557adc     kernel32:KERNEL32.dll
 0004:00000ae0       __imp__GetSystemTime@4     00557ae0     kernel32:KERNEL32.dll
 0004:00000ae4       __imp__lstrcatW@8          00557ae4     kernel32:KERNEL32.dll
 0004:00000ae8       __imp__lstrcpyW@8          00557ae8     kernel32:KERNEL32.dll
 0004:00000aec       __imp__LoadLibraryW@4      00557aec     kernel32:KERNEL32.dll
 0004:00000af0       \177KERNEL32_NULL_THUNK_DATA 00557af0     kernel32:KERNEL32.dll
 0004:00000b4c       __imp_?Find@CString@@QBEHPBG@Z 00557b4c     mfc42u:MFC42u.DLL
 0004:00000b50       __imp_?Mid@CString@@QBE?AV1@H@Z 00557b50     mfc42u:MFC42u.DLL
 0004:00000b54       __imp_?GetLocalTm@CTime@@QBEPAUtm@@PAU2@@Z 00557b54     mfc42u:MFC42u.DLL
 0004:00000b58       __imp_?Find@CString@@QBEHG@Z 00557b58     mfc42u:MFC42u.DLL
 0004:00000b5c       __imp_?Find@CString@@QBEHGH@Z 00557b5c     mfc42u:MFC42u.DLL
 0004:00000b60       __imp_?GetTickCount@CTime@@SG?AV1@XZ 00557b60     mfc42u:MFC42u.DLL
 0004:00000b64       __imp_?Right@CString@@QBE?AV1@H@Z 00557b64     mfc42u:MFC42u.DLL
 0004:00000b68       __imp_?Rename@CFile@@SGXPBG0@Z 00557b68     mfc42u:MFC42u.DLL
 0004:00000b6c       __imp_?SetDateTime@COleDateTime@@QAEHHHHHHH@Z 00557b6c     mfc42u:MFC42u.DLL
 0004:00000b70       __imp_?AfxWinInit@@YGHPAUHINSTANCE__@@0PAGH@Z 00557b70     mfc42u:MFC42u.DLL
 0004:00000b74       __imp_?AfxEnableControlContainer@@YAXPAVCOccManager@@@Z 00557b74     mfc42u:MFC42u.DLL
 0004:00000b78       __imp_?SetAt@CString@@QAEXHG@Z 00557b78     mfc42u:MFC42u.DLL
 0004:00000b7c       __imp_??0CString@@QAE@PBGH@Z 00557b7c     mfc42u:MFC42u.DLL
 0004:00000b80       __imp_??0CFileFind@@QAE@XZ 00557b80     mfc42u:MFC42u.DLL
 0004:00000b84       __imp_?FindFile@CFileFind@@UAEHPBGK@Z 00557b84     mfc42u:MFC42u.DLL
 0004:00000b88       __imp_?Close@CFileFind@@QAEXXZ 00557b88     mfc42u:MFC42u.DLL
 0004:00000b8c       __imp_??1CFileFind@@UAE@XZ 00557b8c     mfc42u:MFC42u.DLL
 0004:00000b90       __imp_?GetRuntimeClass@CObject@@UBEPAUCRuntimeClass@@XZ 00557b90     mfc42u:MFC42u.DLL
 0004:00000b94       __imp_??YCString@@QAEABV0@ABV0@@Z 00557b94     mfc42u:MFC42u.DLL
 0004:00000b98       __imp_?ReverseFind@CString@@QBEHG@Z 00557b98     mfc42u:MFC42u.DLL
 0004:00000b9c       __imp_?Left@CString@@QBE?AV1@H@Z 00557b9c     mfc42u:MFC42u.DLL
 0004:00000ba0       __imp_??H@YG?AVCString@@ABV0@PBG@Z 00557ba0     mfc42u:MFC42u.DLL
 0004:00000ba4       __imp_??0CString@@QAE@PBD@Z 00557ba4     mfc42u:MFC42u.DLL
 0004:00000ba8       __imp_??2@YAPAXI@Z         00557ba8     mfc42u:MFC42u.DLL
 0004:00000bac       __imp_??4COleDateTime@@QAEABV0@ABUtagVARIANT@@@Z 00557bac     mfc42u:MFC42u.DLL
 0004:00000bb0       __imp_??1CSyncObject@@UAE@XZ 00557bb0     mfc42u:MFC42u.DLL
 0004:00000bb4       __imp_??3@YAXPAX@Z         00557bb4     mfc42u:MFC42u.DLL
 0004:00000bb8       __imp_??0CSyncObject@@QAE@PBG@Z 00557bb8     mfc42u:MFC42u.DLL
 0004:00000bbc       __imp_?GetRuntimeClass@CCriticalSection@@UBEPAUCRuntimeClass@@XZ 00557bbc     mfc42u:MFC42u.DLL
 0004:00000bc0       __imp_?AllocSysString@CString@@QBEPAGXZ 00557bc0     mfc42u:MFC42u.DLL
 0004:00000bc4       __imp_??4CString@@QAEABV0@PBD@Z 00557bc4     mfc42u:MFC42u.DLL
 0004:00000bc8       __imp_??0CString@@QAE@ABV0@@Z 00557bc8     mfc42u:MFC42u.DLL
 0004:00000bcc       __imp_??YCString@@QAEABV0@PBG@Z 00557bcc     mfc42u:MFC42u.DLL
 0004:00000bd0       __imp_??H@YG?AVCString@@ABV0@G@Z 00557bd0     mfc42u:MFC42u.DLL
 0004:00000bd4       __imp_??4COleCurrency@@QAEABV0@TtagCY@@@Z 00557bd4     mfc42u:MFC42u.DLL
 0004:00000bd8       __imp_??4COleCurrency@@QAEABV0@ABV0@@Z 00557bd8     mfc42u:MFC42u.DLL
 0004:00000bdc       __imp_??0CString@@QAE@PBG@Z 00557bdc     mfc42u:MFC42u.DLL
 0004:00000be0       __imp_?Format@COleDateTime@@QBE?AVCString@@PBG@Z 00557be0     mfc42u:MFC42u.DLL
 0004:00000be4       __imp_??0CSingleLock@@QAE@PAVCSyncObject@@H@Z 00557be4     mfc42u:MFC42u.DLL
 0004:00000be8       __imp_?Lock@CSingleLock@@QAEHK@Z 00557be8     mfc42u:MFC42u.DLL
 0004:00000bec       __imp_?TrimLeft@CString@@QAEXXZ 00557bec     mfc42u:MFC42u.DLL
 0004:00000bf0       __imp_?Mid@CString@@QBE?AV1@HH@Z 00557bf0     mfc42u:MFC42u.DLL
 0004:00000bf4       __imp_?Unlock@CSingleLock@@QAEHXZ 00557bf4     mfc42u:MFC42u.DLL
 0004:00000bf8       __imp_??0CString@@QAE@XZ   00557bf8     mfc42u:MFC42u.DLL
 0004:00000bfc       __imp_?Format@CString@@QAAXPBGZZ 00557bfc     mfc42u:MFC42u.DLL
 0004:00000c00       __imp_??H@YG?AVCString@@PBGABV0@@Z 00557c00     mfc42u:MFC42u.DLL
 0004:00000c04       __imp_??H@YG?AVCString@@ABV0@0@Z 00557c04     mfc42u:MFC42u.DLL
 0004:00000c08       __imp_??4CString@@QAEABV0@ABV0@@Z 00557c08     mfc42u:MFC42u.DLL
 0004:00000c0c       __imp_??1CString@@QAE@XZ   00557c0c     mfc42u:MFC42u.DLL
 0004:00000c10       __imp_??4CString@@QAEABV0@PBG@Z 00557c10     mfc42u:MFC42u.DLL
 0004:00000c14       __imp_?Empty@CString@@QAEXXZ 00557c14     mfc42u:MFC42u.DLL
 0004:00000c18       \177MFC42u_NULL_THUNK_DATA 00557c18     mfc42u:MFC42u.DLL
 0004:00000c6c       __imp_??0Init@ios_base@std@@QAE@XZ 00557c6c     msvcprt:MSVCP60.dll
 0004:00000c70       __imp_??0_Winit@std@@QAE@XZ 00557c70     msvcprt:MSVCP60.dll
 0004:00000c74       __imp_??1_Winit@std@@QAE@XZ 00557c74     msvcprt:MSVCP60.dll
 0004:00000c78       __imp_??1Init@ios_base@std@@QAE@XZ 00557c78     msvcprt:MSVCP60.dll
 0004:00000c7c       \177MSVCP60_NULL_THUNK_DATA 00557c7c     msvcprt:MSVCP60.dll
 0004:00000ca8       __imp_??1type_info@@UAE@XZ 00557ca8     msvcrt:MSVCRT.dll
 0004:00000cac       __imp___except_handler3    00557cac     msvcrt:MSVCRT.dll
 0004:00000cb0       __imp____set_app_type      00557cb0     msvcrt:MSVCRT.dll
 0004:00000cb4       __imp____p__fmode          00557cb4     msvcrt:MSVCRT.dll
 0004:00000cb8       __imp____p__commode        00557cb8     msvcrt:MSVCRT.dll
 0004:00000cbc       __imp___adjust_fdiv        00557cbc     msvcrt:MSVCRT.dll
 0004:00000cc0       __imp____setusermatherr    00557cc0     msvcrt:MSVCRT.dll
 0004:00000cc4       __imp___initterm           00557cc4     msvcrt:MSVCRT.dll
 0004:00000cc8       __imp____wgetmainargs      00557cc8     msvcrt:MSVCRT.dll
 0004:00000ccc       __imp___wcmdln             00557ccc     msvcrt:MSVCRT.dll
 0004:00000cd0       __imp__exit                00557cd0     msvcrt:MSVCRT.dll
 0004:00000cd4       __imp___XcptFilter         00557cd4     msvcrt:MSVCRT.dll
 0004:00000cd8       __imp___exit               00557cd8     msvcrt:MSVCRT.dll
 0004:00000cdc       __imp___wrename            00557cdc     msvcrt:MSVCRT.dll
 0004:00000ce0       __imp___wtoi               00557ce0     msvcrt:MSVCRT.dll
 0004:00000ce4       __imp__free                00557ce4     msvcrt:MSVCRT.dll
 0004:00000ce8       __imp__malloc              00557ce8     msvcrt:MSVCRT.dll
 0004:00000cec       __imp__realloc             00557cec     msvcrt:MSVCRT.dll
 0004:00000cf0       __imp___purecall           00557cf0     msvcrt:MSVCRT.dll
 0004:00000cf4       __imp__wcstoul             00557cf4     msvcrt:MSVCRT.dll
 0004:00000cf8       __imp____dllonexit         00557cf8     msvcrt:MSVCRT.dll
 0004:00000cfc       __imp__ceil                00557cfc     msvcrt:MSVCRT.dll
 0004:00000d00       __imp__wcschr              00557d00     msvcrt:MSVCRT.dll
 0004:00000d04       __imp__memcmp              00557d04     msvcrt:MSVCRT.dll
 0004:00000d08       __imp_?name@type_info@@QBEPBDXZ 00557d08     msvcrt:MSVCRT.dll
 0004:00000d0c       __imp___ftol               00557d0c     msvcrt:MSVCRT.dll
 0004:00000d10       __imp__floor               00557d10     msvcrt:MSVCRT.dll
 0004:00000d14       __imp__memcpy              00557d14     msvcrt:MSVCRT.dll
 0004:00000d18       __imp___gcvt               00557d18     msvcrt:MSVCRT.dll
 0004:00000d1c       __imp__wcslen              00557d1c     msvcrt:MSVCRT.dll
 0004:00000d20       __imp___wcsicmp            00557d20     msvcrt:MSVCRT.dll
 0004:00000d24       __imp__memset              00557d24     msvcrt:MSVCRT.dll
 0004:00000d28       __imp__wcscpy              00557d28     msvcrt:MSVCRT.dll
 0004:00000d2c       __imp__pow                 00557d2c     msvcrt:MSVCRT.dll
 0004:00000d30       __imp__strlen              00557d30     msvcrt:MSVCRT.dll
 0004:00000d34       __imp__wcscmp              00557d34     msvcrt:MSVCRT.dll
 0004:00000d38       __imp___chkesp             00557d38     msvcrt:MSVCRT.dll
 0004:00000d3c       __imp____CxxFrameHandler   00557d3c     msvcrt:MSVCRT.dll
 0004:00000d40       __imp__ultoa               00557d40     msvcrt:MSVCRT.dll
 0004:00000d40       __imp___ultoa              00557d40     msvcrt:MSVCRT.dll
 0004:00000d44       __imp___ltoa               00557d44     msvcrt:MSVCRT.dll
 0004:00000d44       __imp__ltoa                00557d44     msvcrt:MSVCRT.dll
 0004:00000d48       __imp__itoa                00557d48     msvcrt:MSVCRT.dll
 0004:00000d48       __imp___itoa               00557d48     msvcrt:MSVCRT.dll
 0004:00000d4c       __imp___CxxThrowException@8 00557d4c     msvcrt:MSVCRT.dll
 0004:00000d50       __imp___onexit             00557d50     msvcrt:MSVCRT.dll
 0004:00000d54       __imp_?terminate@@YAXXZ    00557d54     msvcrt:MSVCRT.dll
 0004:00000d58       __imp___controlfp          00557d58     msvcrt:MSVCRT.dll
 0004:00000d5c       __imp__wcsrchr             00557d5c     msvcrt:MSVCRT.dll
 0004:00000d60       \177MSVCRT_NULL_THUNK_DATA 00557d60     msvcrt:MSVCRT.dll
 0004:00000db0       __imp__SysStringByteLen@4  00557db0     oleaut32:OLEAUT32.dll
 0004:00000db4       __imp__VariantChangeType@16 00557db4     oleaut32:OLEAUT32.dll
 0004:00000db8       __imp__SetErrorInfo@8      00557db8     oleaut32:OLEAUT32.dll
 0004:00000dbc       __imp__GetErrorInfo@8      00557dbc     oleaut32:OLEAUT32.dll
 0004:00000dc0       __imp__RegisterTypeLib@12  00557dc0     oleaut32:OLEAUT32.dll
 0004:00000dc4       __imp__LoadTypeLib@8       00557dc4     oleaut32:OLEAUT32.dll
 0004:00000dc8       __imp__CreateErrorInfo@4   00557dc8     oleaut32:OLEAUT32.dll
 0004:00000dcc       __imp__SysAllocStringByteLen@8 00557dcc     oleaut32:OLEAUT32.dll
 0004:00000dd0       __imp__VariantClear@4      00557dd0     oleaut32:OLEAUT32.dll
 0004:00000dd4       __imp__SafeArrayGetElement@12 00557dd4     oleaut32:OLEAUT32.dll
 0004:00000dd8       __imp__SafeArrayPutElement@12 00557dd8     oleaut32:OLEAUT32.dll
 0004:00000ddc       __imp__SafeArrayCreate@12  00557ddc     oleaut32:OLEAUT32.dll
 0004:00000de0       __imp__SysAllocString@4    00557de0     oleaut32:OLEAUT32.dll
 0004:00000de4       __imp__SysFreeString@4     00557de4     oleaut32:OLEAUT32.dll
 0004:00000de8       __imp__VariantInit@4       00557de8     oleaut32:OLEAUT32.dll
 0004:00000dec       __imp__VariantCopy@8       00557dec     oleaut32:OLEAUT32.dll
 0004:00000df0       \177OLEAUT32_NULL_THUNK_DATA 00557df0     oleaut32:OLEAUT32.dll
 0004:00000e28       __imp__DispatchMessageW@4  00557e28     user32:USER32.dll
 0004:00000e2c       __imp__SetWindowPos@28     00557e2c     user32:USER32.dll
 0004:00000e30       __imp__GetWindowRect@8     00557e30     user32:USER32.dll
 0004:00000e34       __imp__FindWindowW@8       00557e34     user32:USER32.dll
 0004:00000e38       __imp__PostThreadMessageW@16 00557e38     user32:USER32.dll
 0004:00000e3c       __imp__CharNextW@4         00557e3c     user32:USER32.dll
 0004:00000e40       __imp__GetMessageW@16      00557e40     user32:USER32.dll
 0004:00000e44       __imp__LoadStringW@16      00557e44     user32:USER32.dll
 0004:00000e48       __imp__wsprintfW           00557e48     user32:USER32.dll
 0004:00000e4c       \177USER32_NULL_THUNK_DATA 00557e4c     user32:USER32.dll
 0004:00000e7c       __imp__CoCreateInstance@20 00557e7c     ole32:ole32.dll
 0004:00000e80       __imp__CoUninitialize@0    00557e80     ole32:ole32.dll
 0004:00000e84       __imp__CoResumeClassObjects@0 00557e84     ole32:ole32.dll
 0004:00000e88       __imp__CoRegisterClassObject@20 00557e88     ole32:ole32.dll
 0004:00000e8c       __imp__CoRevokeClassObject@4 00557e8c     ole32:ole32.dll
 0004:00000e90       __imp__CoDisconnectObject@8 00557e90     ole32:ole32.dll
 0004:00000e94       __imp__OleRun@4            00557e94     ole32:ole32.dll
 0004:00000e98       __imp__CoSuspendClassObjects@0 00557e98     ole32:ole32.dll
 0004:00000e9c       __imp__CoInitializeEx@8    00557e9c     ole32:ole32.dll
 0004:00000ea0       __imp__CoTaskMemFree@4     00557ea0     ole32:ole32.dll
 0004:00000ea4       __imp__CoTaskMemAlloc@4    00557ea4     ole32:ole32.dll
 0004:00000ea8       \177ole32_NULL_THUNK_DATA  00557ea8     ole32:ole32.dll

 entry point at        0001:000b661e

